// Vitest Snapshot v1, https://vitest.dev/guide/snapshot.html

exports[`plaidService.resolveLotChanges > test case: 2025-9-17 > should resolve lot changes correctly 1`] = `
{
  "lotDeletes": [
    {
      "accountId": "aeec08d8-e163-4b20-b6ac-89b52fc2fd67",
      "acquiredDate": 2025-08-18T00:00:00.000Z,
      "isNewBuy": true,
      "lotId": "62003717-f07b-4134-803d-8dc8d64b55e7",
      "price": "10.405",
      "quantity": "5",
      "quantityChange": "5",
      "quantityFinal": "0",
      "symbol": "CLF",
      "upsert": {
        "account": {
          "connect": {
            "id": "aeec08d8-e163-4b20-b6ac-89b52fc2fd67",
          },
        },
        "acquiredDate": 2025-08-18T00:00:00.000Z,
        "asset": {
          "connect": {
            "symbol": "CLF",
          },
        },
        "id": "62003717-f07b-4134-803d-8dc8d64b55e7",
        "portfolio": {
          "connect": {
            "id": "8f58fa62-ecb7-4b35-afcc-15121f80cbb5",
          },
        },
        "price": "10.405",
        "remainingQty": "0",
      },
    },
    {
      "accountId": "aeec08d8-e163-4b20-b6ac-89b52fc2fd67",
      "acquiredDate": 2025-08-12T00:00:00.000Z,
      "isNewBuy": true,
      "lotId": "f9d3a416-22b8-42ed-b545-05b43ae2221c",
      "price": "10.2662",
      "quantity": "5",
      "quantityChange": "5",
      "quantityFinal": "0",
      "symbol": "CLF",
      "upsert": {
        "account": {
          "connect": {
            "id": "aeec08d8-e163-4b20-b6ac-89b52fc2fd67",
          },
        },
        "acquiredDate": 2025-08-12T00:00:00.000Z,
        "asset": {
          "connect": {
            "symbol": "CLF",
          },
        },
        "id": "f9d3a416-22b8-42ed-b545-05b43ae2221c",
        "portfolio": {
          "connect": {
            "id": "8f58fa62-ecb7-4b35-afcc-15121f80cbb5",
          },
        },
        "price": "10.2662",
        "remainingQty": "0",
      },
    },
    {
      "accountId": "aeec08d8-e163-4b20-b6ac-89b52fc2fd67",
      "acquiredDate": 2025-08-18T00:00:00.000Z,
      "isNewBuy": true,
      "lotId": "aed55274-85aa-4153-ad8f-469a3d905e4d",
      "price": "8.475",
      "quantity": "3",
      "quantityChange": "3",
      "quantityFinal": "0",
      "symbol": "GT",
      "upsert": {
        "account": {
          "connect": {
            "id": "aeec08d8-e163-4b20-b6ac-89b52fc2fd67",
          },
        },
        "acquiredDate": 2025-08-18T00:00:00.000Z,
        "asset": {
          "connect": {
            "symbol": "GT",
          },
        },
        "id": "aed55274-85aa-4153-ad8f-469a3d905e4d",
        "portfolio": {
          "connect": {
            "id": "8f58fa62-ecb7-4b35-afcc-15121f80cbb5",
          },
        },
        "price": "8.475",
        "remainingQty": "0",
      },
    },
    {
      "accountId": "aeec08d8-e163-4b20-b6ac-89b52fc2fd67",
      "acquiredDate": 2025-08-18T00:00:00.000Z,
      "isNewBuy": true,
      "lotId": "3cc3c102-44de-4de1-8263-1898a1ed45b9",
      "price": "8.475",
      "quantity": "2",
      "quantityChange": "2",
      "quantityFinal": "0",
      "symbol": "GT",
      "upsert": {
        "account": {
          "connect": {
            "id": "aeec08d8-e163-4b20-b6ac-89b52fc2fd67",
          },
        },
        "acquiredDate": 2025-08-18T00:00:00.000Z,
        "asset": {
          "connect": {
            "symbol": "GT",
          },
        },
        "id": "3cc3c102-44de-4de1-8263-1898a1ed45b9",
        "portfolio": {
          "connect": {
            "id": "8f58fa62-ecb7-4b35-afcc-15121f80cbb5",
          },
        },
        "price": "8.475",
        "remainingQty": "0",
      },
    },
    {
      "accountId": "aeec08d8-e163-4b20-b6ac-89b52fc2fd67",
      "acquiredDate": 2025-08-13T00:00:00.000Z,
      "isNewBuy": true,
      "lotId": "ffbc5f2f-1688-417c-9f84-2ceff245da3f",
      "price": "8.576",
      "quantity": "5",
      "quantityChange": "5",
      "quantityFinal": "0",
      "symbol": "GT",
      "upsert": {
        "account": {
          "connect": {
            "id": "aeec08d8-e163-4b20-b6ac-89b52fc2fd67",
          },
        },
        "acquiredDate": 2025-08-13T00:00:00.000Z,
        "asset": {
          "connect": {
            "symbol": "GT",
          },
        },
        "id": "ffbc5f2f-1688-417c-9f84-2ceff245da3f",
        "portfolio": {
          "connect": {
            "id": "8f58fa62-ecb7-4b35-afcc-15121f80cbb5",
          },
        },
        "price": "8.576",
        "remainingQty": "0",
      },
    },
    {
      "accountId": "aeec08d8-e163-4b20-b6ac-89b52fc2fd67",
      "acquiredDate": 2025-08-12T00:00:00.000Z,
      "isNewBuy": true,
      "lotId": "06c7464c-21d0-46f3-93ba-af260384375c",
      "price": "8.445",
      "quantity": "5",
      "quantityChange": "5",
      "quantityFinal": "0",
      "symbol": "GT",
      "upsert": {
        "account": {
          "connect": {
            "id": "aeec08d8-e163-4b20-b6ac-89b52fc2fd67",
          },
        },
        "acquiredDate": 2025-08-12T00:00:00.000Z,
        "asset": {
          "connect": {
            "symbol": "GT",
          },
        },
        "id": "06c7464c-21d0-46f3-93ba-af260384375c",
        "portfolio": {
          "connect": {
            "id": "8f58fa62-ecb7-4b35-afcc-15121f80cbb5",
          },
        },
        "price": "8.445",
        "remainingQty": "0",
      },
    },
    {
      "accountId": "aeec08d8-e163-4b20-b6ac-89b52fc2fd67",
      "acquiredDate": 2025-08-22T00:00:00.000Z,
      "isNewBuy": true,
      "lotId": "c3c928df-6912-47a8-8ef0-20b3af01c2fb",
      "price": "2.4399",
      "quantity": "5",
      "quantityChange": "5",
      "quantityFinal": "0",
      "symbol": "IQ",
      "upsert": {
        "account": {
          "connect": {
            "id": "aeec08d8-e163-4b20-b6ac-89b52fc2fd67",
          },
        },
        "acquiredDate": 2025-08-22T00:00:00.000Z,
        "asset": {
          "connect": {
            "symbol": "IQ",
          },
        },
        "id": "c3c928df-6912-47a8-8ef0-20b3af01c2fb",
        "portfolio": {
          "connect": {
            "id": "8f58fa62-ecb7-4b35-afcc-15121f80cbb5",
          },
        },
        "price": "2.4399",
        "remainingQty": "0",
      },
    },
    {
      "accountId": "aeec08d8-e163-4b20-b6ac-89b52fc2fd67",
      "acquiredDate": 2025-08-18T00:00:00.000Z,
      "isNewBuy": true,
      "lotId": "71eee0fb-a848-4160-b77e-56262cfbce70",
      "price": "2.395",
      "quantity": "10",
      "quantityChange": "10",
      "quantityFinal": "0",
      "symbol": "IQ",
      "upsert": {
        "account": {
          "connect": {
            "id": "aeec08d8-e163-4b20-b6ac-89b52fc2fd67",
          },
        },
        "acquiredDate": 2025-08-18T00:00:00.000Z,
        "asset": {
          "connect": {
            "symbol": "IQ",
          },
        },
        "id": "71eee0fb-a848-4160-b77e-56262cfbce70",
        "portfolio": {
          "connect": {
            "id": "8f58fa62-ecb7-4b35-afcc-15121f80cbb5",
          },
        },
        "price": "2.395",
        "remainingQty": "0",
      },
    },
    {
      "accountId": "aeec08d8-e163-4b20-b6ac-89b52fc2fd67",
      "acquiredDate": 2024-06-20T00:00:00.000Z,
      "isNewBuy": false,
      "lotId": "40ec54fd-0972-4e61-8734-bf293ef44ef2",
      "price": "1.87",
      "quantity": "1",
      "quantityChange": "1",
      "quantityFinal": "0",
      "symbol": "OPEN",
      "upsert": {
        "account": {
          "connect": {
            "id": "aeec08d8-e163-4b20-b6ac-89b52fc2fd67",
          },
        },
        "acquiredDate": 2024-06-20T00:00:00.000Z,
        "asset": {
          "connect": {
            "symbol": "OPEN",
          },
        },
        "id": "40ec54fd-0972-4e61-8734-bf293ef44ef2",
        "portfolio": {
          "connect": {
            "id": "8f58fa62-ecb7-4b35-afcc-15121f80cbb5",
          },
        },
        "price": "1.87",
        "remainingQty": "0",
      },
    },
    {
      "accountId": "aeec08d8-e163-4b20-b6ac-89b52fc2fd67",
      "acquiredDate": 2024-06-05T00:00:00.000Z,
      "isNewBuy": false,
      "lotId": "d2747dca-f5af-48cf-ac65-3872523d104c",
      "price": "2.155",
      "quantity": "2",
      "quantityChange": "2",
      "quantityFinal": "0",
      "symbol": "OPEN",
      "upsert": {
        "account": {
          "connect": {
            "id": "aeec08d8-e163-4b20-b6ac-89b52fc2fd67",
          },
        },
        "acquiredDate": 2024-06-05T00:00:00.000Z,
        "asset": {
          "connect": {
            "symbol": "OPEN",
          },
        },
        "id": "d2747dca-f5af-48cf-ac65-3872523d104c",
        "portfolio": {
          "connect": {
            "id": "8f58fa62-ecb7-4b35-afcc-15121f80cbb5",
          },
        },
        "price": "2.155",
        "remainingQty": "0",
      },
    },
    {
      "accountId": "aeec08d8-e163-4b20-b6ac-89b52fc2fd67",
      "acquiredDate": 2025-08-12T00:00:00.000Z,
      "isNewBuy": true,
      "lotId": "30301e7a-2ce8-4301-9dc8-50d807ac35c0",
      "price": "10.355",
      "quantity": "5",
      "quantityChange": "5",
      "quantityFinal": "0",
      "symbol": "VALE",
      "upsert": {
        "account": {
          "connect": {
            "id": "aeec08d8-e163-4b20-b6ac-89b52fc2fd67",
          },
        },
        "acquiredDate": 2025-08-12T00:00:00.000Z,
        "asset": {
          "connect": {
            "symbol": "VALE",
          },
        },
        "id": "30301e7a-2ce8-4301-9dc8-50d807ac35c0",
        "portfolio": {
          "connect": {
            "id": "8f58fa62-ecb7-4b35-afcc-15121f80cbb5",
          },
        },
        "price": "10.355",
        "remainingQty": "0",
      },
    },
    {
      "accountId": "aeec08d8-e163-4b20-b6ac-89b52fc2fd67",
      "acquiredDate": 2025-08-11T00:00:00.000Z,
      "isNewBuy": false,
      "lotId": "cf82b117-8822-449f-8dd4-12baf4fc3843",
      "price": "8",
      "quantity": "15",
      "quantityChange": "15",
      "quantityFinal": "0",
      "symbol": "CERO",
      "upsert": {
        "account": {
          "connect": {
            "id": "aeec08d8-e163-4b20-b6ac-89b52fc2fd67",
          },
        },
        "acquiredDate": 2025-08-11T00:00:00.000Z,
        "asset": {
          "connect": {
            "symbol": "CERO",
          },
        },
        "id": "cf82b117-8822-449f-8dd4-12baf4fc3843",
        "portfolio": {
          "connect": {
            "id": "8f58fa62-ecb7-4b35-afcc-15121f80cbb5",
          },
        },
        "price": "8",
        "remainingQty": "0",
      },
    },
    {
      "accountId": "aeec08d8-e163-4b20-b6ac-89b52fc2fd67",
      "acquiredDate": 2025-08-22T00:00:00.000Z,
      "isNewBuy": false,
      "lotId": "dcfeff51-777d-4318-829b-28f008711508",
      "price": "8.3958",
      "quantity": "4",
      "quantityChange": "4",
      "quantityFinal": "0",
      "symbol": "CERO",
      "upsert": {
        "account": {
          "connect": {
            "id": "aeec08d8-e163-4b20-b6ac-89b52fc2fd67",
          },
        },
        "acquiredDate": 2025-08-22T00:00:00.000Z,
        "asset": {
          "connect": {
            "symbol": "CERO",
          },
        },
        "id": "dcfeff51-777d-4318-829b-28f008711508",
        "portfolio": {
          "connect": {
            "id": "8f58fa62-ecb7-4b35-afcc-15121f80cbb5",
          },
        },
        "price": "8.3958",
        "remainingQty": "0",
      },
    },
    {
      "accountId": "aeec08d8-e163-4b20-b6ac-89b52fc2fd67",
      "acquiredDate": 2025-08-18T00:00:00.000Z,
      "isNewBuy": false,
      "lotId": "0ea873df-6567-47c9-a443-52753395e59a",
      "price": "8.5277",
      "quantity": "5",
      "quantityChange": "5",
      "quantityFinal": "0",
      "symbol": "CERO",
      "upsert": {
        "account": {
          "connect": {
            "id": "aeec08d8-e163-4b20-b6ac-89b52fc2fd67",
          },
        },
        "acquiredDate": 2025-08-18T00:00:00.000Z,
        "asset": {
          "connect": {
            "symbol": "CERO",
          },
        },
        "id": "0ea873df-6567-47c9-a443-52753395e59a",
        "portfolio": {
          "connect": {
            "id": "8f58fa62-ecb7-4b35-afcc-15121f80cbb5",
          },
        },
        "price": "8.5277",
        "remainingQty": "0",
      },
    },
    {
      "accountId": "aeec08d8-e163-4b20-b6ac-89b52fc2fd67",
      "acquiredDate": 2025-08-12T00:00:00.000Z,
      "isNewBuy": false,
      "lotId": "4f7bc24c-d774-4219-98f2-5b1dabfc9429",
      "price": "10.976",
      "quantity": "5",
      "quantityChange": "5",
      "quantityFinal": "0",
      "symbol": "WBD",
      "upsert": {
        "account": {
          "connect": {
            "id": "aeec08d8-e163-4b20-b6ac-89b52fc2fd67",
          },
        },
        "acquiredDate": 2025-08-12T00:00:00.000Z,
        "asset": {
          "connect": {
            "symbol": "WBD",
          },
        },
        "id": "4f7bc24c-d774-4219-98f2-5b1dabfc9429",
        "portfolio": {
          "connect": {
            "id": "8f58fa62-ecb7-4b35-afcc-15121f80cbb5",
          },
        },
        "price": "10.976",
        "remainingQty": "0",
      },
    },
    {
      "accountId": "aeec08d8-e163-4b20-b6ac-89b52fc2fd67",
      "acquiredDate": 2025-08-18T00:00:00.000Z,
      "isNewBuy": true,
      "lotId": "89db87a8-9317-495c-ba28-45dd9ca2f2cd",
      "price": "11.0464",
      "quantity": "5",
      "quantityChange": "5",
      "quantityFinal": "0",
      "symbol": "PK",
      "upsert": {
        "account": {
          "connect": {
            "id": "aeec08d8-e163-4b20-b6ac-89b52fc2fd67",
          },
        },
        "acquiredDate": 2025-08-18T00:00:00.000Z,
        "asset": {
          "connect": {
            "symbol": "PK",
          },
        },
        "id": "89db87a8-9317-495c-ba28-45dd9ca2f2cd",
        "portfolio": {
          "connect": {
            "id": "8f58fa62-ecb7-4b35-afcc-15121f80cbb5",
          },
        },
        "price": "11.0464",
        "remainingQty": "0",
      },
    },
    {
      "accountId": "aeec08d8-e163-4b20-b6ac-89b52fc2fd67",
      "acquiredDate": 2025-08-12T00:00:00.000Z,
      "isNewBuy": true,
      "lotId": "9e7bf3bf-a18a-4885-aa27-5c1dbdc148a4",
      "price": "10.4995",
      "quantity": "5",
      "quantityChange": "5",
      "quantityFinal": "0",
      "symbol": "PK",
      "upsert": {
        "account": {
          "connect": {
            "id": "aeec08d8-e163-4b20-b6ac-89b52fc2fd67",
          },
        },
        "acquiredDate": 2025-08-12T00:00:00.000Z,
        "asset": {
          "connect": {
            "symbol": "PK",
          },
        },
        "id": "9e7bf3bf-a18a-4885-aa27-5c1dbdc148a4",
        "portfolio": {
          "connect": {
            "id": "8f58fa62-ecb7-4b35-afcc-15121f80cbb5",
          },
        },
        "price": "10.4995",
        "remainingQty": "0",
      },
    },
    {
      "accountId": "aeec08d8-e163-4b20-b6ac-89b52fc2fd67",
      "acquiredDate": 2025-08-22T00:00:00.000Z,
      "isNewBuy": true,
      "lotId": "4f36e6c6-b23c-44cf-927d-f61074447364",
      "price": "6.5792",
      "quantity": "5",
      "quantityChange": "5",
      "quantityFinal": "0",
      "symbol": "MFG",
      "upsert": {
        "account": {
          "connect": {
            "id": "aeec08d8-e163-4b20-b6ac-89b52fc2fd67",
          },
        },
        "acquiredDate": 2025-08-22T00:00:00.000Z,
        "asset": {
          "connect": {
            "symbol": "MFG",
          },
        },
        "id": "4f36e6c6-b23c-44cf-927d-f61074447364",
        "portfolio": {
          "connect": {
            "id": "8f58fa62-ecb7-4b35-afcc-15121f80cbb5",
          },
        },
        "price": "6.5792",
        "remainingQty": "0",
      },
    },
    {
      "accountId": "aeec08d8-e163-4b20-b6ac-89b52fc2fd67",
      "acquiredDate": 2025-08-18T00:00:00.000Z,
      "isNewBuy": true,
      "lotId": "feb0d44c-ab6f-4988-ba6a-653256b5d3f2",
      "price": "6.6092",
      "quantity": "10",
      "quantityChange": "10",
      "quantityFinal": "0",
      "symbol": "MFG",
      "upsert": {
        "account": {
          "connect": {
            "id": "aeec08d8-e163-4b20-b6ac-89b52fc2fd67",
          },
        },
        "acquiredDate": 2025-08-18T00:00:00.000Z,
        "asset": {
          "connect": {
            "symbol": "MFG",
          },
        },
        "id": "feb0d44c-ab6f-4988-ba6a-653256b5d3f2",
        "portfolio": {
          "connect": {
            "id": "8f58fa62-ecb7-4b35-afcc-15121f80cbb5",
          },
        },
        "price": "6.6092",
        "remainingQty": "0",
      },
    },
    {
      "accountId": "aeec08d8-e163-4b20-b6ac-89b52fc2fd67",
      "acquiredDate": 2025-08-22T00:00:00.000Z,
      "isNewBuy": true,
      "lotId": "47593a38-d85c-49c8-8652-b71cff9c3d30",
      "price": "7.8891",
      "quantity": "4",
      "quantityChange": "4",
      "quantityFinal": "0",
      "symbol": "HL",
      "upsert": {
        "account": {
          "connect": {
            "id": "aeec08d8-e163-4b20-b6ac-89b52fc2fd67",
          },
        },
        "acquiredDate": 2025-08-22T00:00:00.000Z,
        "asset": {
          "connect": {
            "symbol": "HL",
          },
        },
        "id": "47593a38-d85c-49c8-8652-b71cff9c3d30",
        "portfolio": {
          "connect": {
            "id": "8f58fa62-ecb7-4b35-afcc-15121f80cbb5",
          },
        },
        "price": "7.8891",
        "remainingQty": "0",
      },
    },
    {
      "accountId": "aeec08d8-e163-4b20-b6ac-89b52fc2fd67",
      "acquiredDate": 2025-08-18T00:00:00.000Z,
      "isNewBuy": true,
      "lotId": "94fb6c28-91c4-4622-8dca-97f217d3d617",
      "price": "7.7159",
      "quantity": "5",
      "quantityChange": "5",
      "quantityFinal": "0",
      "symbol": "HL",
      "upsert": {
        "account": {
          "connect": {
            "id": "aeec08d8-e163-4b20-b6ac-89b52fc2fd67",
          },
        },
        "acquiredDate": 2025-08-18T00:00:00.000Z,
        "asset": {
          "connect": {
            "symbol": "HL",
          },
        },
        "id": "94fb6c28-91c4-4622-8dca-97f217d3d617",
        "portfolio": {
          "connect": {
            "id": "8f58fa62-ecb7-4b35-afcc-15121f80cbb5",
          },
        },
        "price": "7.7159",
        "remainingQty": "0",
      },
    },
    {
      "accountId": "aeec08d8-e163-4b20-b6ac-89b52fc2fd67",
      "acquiredDate": 2025-08-07T00:00:00.000Z,
      "isNewBuy": true,
      "lotId": "eb62a76b-9338-417b-8258-819558a93735",
      "price": "7.1392",
      "quantity": "5",
      "quantityChange": "5",
      "quantityFinal": "0",
      "symbol": "HL",
      "upsert": {
        "account": {
          "connect": {
            "id": "aeec08d8-e163-4b20-b6ac-89b52fc2fd67",
          },
        },
        "acquiredDate": 2025-08-07T00:00:00.000Z,
        "asset": {
          "connect": {
            "symbol": "HL",
          },
        },
        "id": "eb62a76b-9338-417b-8258-819558a93735",
        "portfolio": {
          "connect": {
            "id": "8f58fa62-ecb7-4b35-afcc-15121f80cbb5",
          },
        },
        "price": "7.1392",
        "remainingQty": "0",
      },
    },
    {
      "accountId": "aeec08d8-e163-4b20-b6ac-89b52fc2fd67",
      "acquiredDate": 2025-08-22T00:00:00.000Z,
      "isNewBuy": true,
      "lotId": "3271ca82-c533-4778-b1dc-1b1e4c2fa6e1",
      "price": "7.813",
      "quantity": "1",
      "quantityChange": "1",
      "quantityFinal": "0",
      "symbol": "JBIO",
      "upsert": {
        "account": {
          "connect": {
            "id": "aeec08d8-e163-4b20-b6ac-89b52fc2fd67",
          },
        },
        "acquiredDate": 2025-08-22T00:00:00.000Z,
        "asset": {
          "connect": {
            "symbol": "JBIO",
          },
        },
        "id": "3271ca82-c533-4778-b1dc-1b1e4c2fa6e1",
        "portfolio": {
          "connect": {
            "id": "8f58fa62-ecb7-4b35-afcc-15121f80cbb5",
          },
        },
        "price": "7.813",
        "remainingQty": "0",
      },
    },
    {
      "accountId": "aeec08d8-e163-4b20-b6ac-89b52fc2fd67",
      "acquiredDate": 2025-08-18T00:00:00.000Z,
      "isNewBuy": true,
      "lotId": "bb6ee9d2-53e5-489e-b473-31b5bd731dc4",
      "price": "7.375",
      "quantity": "5",
      "quantityChange": "5",
      "quantityFinal": "0",
      "symbol": "JBIO",
      "upsert": {
        "account": {
          "connect": {
            "id": "aeec08d8-e163-4b20-b6ac-89b52fc2fd67",
          },
        },
        "acquiredDate": 2025-08-18T00:00:00.000Z,
        "asset": {
          "connect": {
            "symbol": "JBIO",
          },
        },
        "id": "bb6ee9d2-53e5-489e-b473-31b5bd731dc4",
        "portfolio": {
          "connect": {
            "id": "8f58fa62-ecb7-4b35-afcc-15121f80cbb5",
          },
        },
        "price": "7.375",
        "remainingQty": "0",
      },
    },
    {
      "accountId": "aeec08d8-e163-4b20-b6ac-89b52fc2fd67",
      "acquiredDate": 2025-08-11T00:00:00.000Z,
      "isNewBuy": true,
      "lotId": "5bb2b462-7fcc-43b9-a692-693fd236266c",
      "price": "7.645",
      "quantity": "10",
      "quantityChange": "10",
      "quantityFinal": "0",
      "symbol": "JBIO",
      "upsert": {
        "account": {
          "connect": {
            "id": "aeec08d8-e163-4b20-b6ac-89b52fc2fd67",
          },
        },
        "acquiredDate": 2025-08-11T00:00:00.000Z,
        "asset": {
          "connect": {
            "symbol": "JBIO",
          },
        },
        "id": "5bb2b462-7fcc-43b9-a692-693fd236266c",
        "portfolio": {
          "connect": {
            "id": "8f58fa62-ecb7-4b35-afcc-15121f80cbb5",
          },
        },
        "price": "7.645",
        "remainingQty": "0",
      },
    },
  ],
  "lotTupleMapSymbols": [
    "KDP",
    "MNST",
    "CLF",
    "NKE",
    "GT",
    "IQ",
    "JBL",
    "OPEN",
    "SHOP",
    "SOFI",
    "SQQQ",
    "T",
    "VALE",
    "ON",
    "CERO",
    "WBD",
    "XYZ",
    "OKLO",
    "PK",
    "ATUS",
    "AZN",
    "PLTR",
    "QYLD",
    "SNAP",
    "MFG",
    "HL",
    "JBIO",
    "PRTG",
  ],
  "lotUpserts": [
    {
      "accountId": "aeec08d8-e163-4b20-b6ac-89b52fc2fd67",
      "acquiredDate": 2024-06-20T00:00:00.000Z,
      "isNewBuy": false,
      "lotId": "d50e309b-c874-4fa2-9e4a-c968bc33b81d",
      "price": "34.43",
      "quantity": "1",
      "quantityChange": "0",
      "quantityFinal": "1",
      "symbol": "KDP",
      "upsert": {
        "account": {
          "connect": {
            "id": "aeec08d8-e163-4b20-b6ac-89b52fc2fd67",
          },
        },
        "acquiredDate": 2024-06-20T00:00:00.000Z,
        "asset": {
          "connect": {
            "symbol": "KDP",
          },
        },
        "id": "d50e309b-c874-4fa2-9e4a-c968bc33b81d",
        "portfolio": {
          "connect": {
            "id": "8f58fa62-ecb7-4b35-afcc-15121f80cbb5",
          },
        },
        "price": "34.43",
        "remainingQty": "1",
      },
    },
    {
      "accountId": "aeec08d8-e163-4b20-b6ac-89b52fc2fd67",
      "acquiredDate": 2024-05-23T00:00:00.000Z,
      "isNewBuy": false,
      "lotId": "0bf60ed9-3df6-4e4b-a47a-7f0c155fb64d",
      "price": "34.16",
      "quantity": "1",
      "quantityChange": "0",
      "quantityFinal": "1",
      "symbol": "KDP",
      "upsert": {
        "account": {
          "connect": {
            "id": "aeec08d8-e163-4b20-b6ac-89b52fc2fd67",
          },
        },
        "acquiredDate": 2024-05-23T00:00:00.000Z,
        "asset": {
          "connect": {
            "symbol": "KDP",
          },
        },
        "id": "0bf60ed9-3df6-4e4b-a47a-7f0c155fb64d",
        "portfolio": {
          "connect": {
            "id": "8f58fa62-ecb7-4b35-afcc-15121f80cbb5",
          },
        },
        "price": "34.16",
        "remainingQty": "1",
      },
    },
    {
      "accountId": "aeec08d8-e163-4b20-b6ac-89b52fc2fd67",
      "acquiredDate": 2024-05-23T00:00:00.000Z,
      "isNewBuy": false,
      "lotId": "c61ff0ec-a067-44b4-94a0-919f74d820c2",
      "price": "53.07",
      "quantity": "1",
      "quantityChange": "0",
      "quantityFinal": "1",
      "symbol": "MNST",
      "upsert": {
        "account": {
          "connect": {
            "id": "aeec08d8-e163-4b20-b6ac-89b52fc2fd67",
          },
        },
        "acquiredDate": 2024-05-23T00:00:00.000Z,
        "asset": {
          "connect": {
            "symbol": "MNST",
          },
        },
        "id": "c61ff0ec-a067-44b4-94a0-919f74d820c2",
        "portfolio": {
          "connect": {
            "id": "8f58fa62-ecb7-4b35-afcc-15121f80cbb5",
          },
        },
        "price": "53.07",
        "remainingQty": "1",
      },
    },
    {
      "accountId": "aeec08d8-e163-4b20-b6ac-89b52fc2fd67",
      "acquiredDate": 2024-06-20T00:00:00.000Z,
      "isNewBuy": false,
      "lotId": "db9edf7f-57e5-4de7-ba09-efc5929ec88a",
      "price": "48.66",
      "quantity": "1",
      "quantityChange": "0",
      "quantityFinal": "1",
      "symbol": "MNST",
      "upsert": {
        "account": {
          "connect": {
            "id": "aeec08d8-e163-4b20-b6ac-89b52fc2fd67",
          },
        },
        "acquiredDate": 2024-06-20T00:00:00.000Z,
        "asset": {
          "connect": {
            "symbol": "MNST",
          },
        },
        "id": "db9edf7f-57e5-4de7-ba09-efc5929ec88a",
        "portfolio": {
          "connect": {
            "id": "8f58fa62-ecb7-4b35-afcc-15121f80cbb5",
          },
        },
        "price": "48.66",
        "remainingQty": "1",
      },
    },
    {
      "accountId": "aeec08d8-e163-4b20-b6ac-89b52fc2fd67",
      "acquiredDate": 2025-04-30T00:00:00.000Z,
      "isNewBuy": false,
      "lotId": "b4ae5050-93ae-439e-be91-412b7e96a988",
      "price": "59.7967",
      "quantity": "3",
      "quantityChange": "0",
      "quantityFinal": "3",
      "symbol": "MNST",
      "upsert": {
        "account": {
          "connect": {
            "id": "aeec08d8-e163-4b20-b6ac-89b52fc2fd67",
          },
        },
        "acquiredDate": 2025-04-30T00:00:00.000Z,
        "asset": {
          "connect": {
            "symbol": "MNST",
          },
        },
        "id": "b4ae5050-93ae-439e-be91-412b7e96a988",
        "portfolio": {
          "connect": {
            "id": "8f58fa62-ecb7-4b35-afcc-15121f80cbb5",
          },
        },
        "price": "59.7967",
        "remainingQty": "3",
      },
    },
    {
      "accountId": "aeec08d8-e163-4b20-b6ac-89b52fc2fd67",
      "acquiredDate": 2025-08-18T00:00:00.000Z,
      "isNewBuy": false,
      "lotId": "50534d24-2c54-4a78-978d-454ca43725a6",
      "price": "10.405",
      "quantity": "5",
      "quantityChange": "0",
      "quantityFinal": "5",
      "symbol": "CLF",
      "upsert": {
        "account": {
          "connect": {
            "id": "aeec08d8-e163-4b20-b6ac-89b52fc2fd67",
          },
        },
        "acquiredDate": 2025-08-18T00:00:00.000Z,
        "asset": {
          "connect": {
            "symbol": "CLF",
          },
        },
        "id": "50534d24-2c54-4a78-978d-454ca43725a6",
        "portfolio": {
          "connect": {
            "id": "8f58fa62-ecb7-4b35-afcc-15121f80cbb5",
          },
        },
        "price": "10.405",
        "remainingQty": "5",
      },
    },
    {
      "accountId": "aeec08d8-e163-4b20-b6ac-89b52fc2fd67",
      "acquiredDate": 2025-04-30T00:00:00.000Z,
      "isNewBuy": false,
      "lotId": "70cfef67-27a1-4a56-bf80-0874804b61c9",
      "price": "8.115",
      "quantity": "6",
      "quantityChange": "0",
      "quantityFinal": "6",
      "symbol": "CLF",
      "upsert": {
        "account": {
          "connect": {
            "id": "aeec08d8-e163-4b20-b6ac-89b52fc2fd67",
          },
        },
        "acquiredDate": 2025-04-30T00:00:00.000Z,
        "asset": {
          "connect": {
            "symbol": "CLF",
          },
        },
        "id": "70cfef67-27a1-4a56-bf80-0874804b61c9",
        "portfolio": {
          "connect": {
            "id": "8f58fa62-ecb7-4b35-afcc-15121f80cbb5",
          },
        },
        "price": "8.115",
        "remainingQty": "6",
      },
    },
    {
      "accountId": "aeec08d8-e163-4b20-b6ac-89b52fc2fd67",
      "acquiredDate": 2025-05-01T00:00:00.000Z,
      "isNewBuy": false,
      "lotId": "2d0ffa42-dd23-4080-bd7c-d23490f75c85",
      "price": "8.558",
      "quantity": "5",
      "quantityChange": "0",
      "quantityFinal": "5",
      "symbol": "CLF",
      "upsert": {
        "account": {
          "connect": {
            "id": "aeec08d8-e163-4b20-b6ac-89b52fc2fd67",
          },
        },
        "acquiredDate": 2025-05-01T00:00:00.000Z,
        "asset": {
          "connect": {
            "symbol": "CLF",
          },
        },
        "id": "2d0ffa42-dd23-4080-bd7c-d23490f75c85",
        "portfolio": {
          "connect": {
            "id": "8f58fa62-ecb7-4b35-afcc-15121f80cbb5",
          },
        },
        "price": "8.558",
        "remainingQty": "5",
      },
    },
    {
      "accountId": "aeec08d8-e163-4b20-b6ac-89b52fc2fd67",
      "acquiredDate": 2025-08-12T00:00:00.000Z,
      "isNewBuy": false,
      "lotId": "fe16c22d-57e3-4374-ba71-76fa952fa0c8",
      "price": "10.2662",
      "quantity": "5",
      "quantityChange": "0",
      "quantityFinal": "5",
      "symbol": "CLF",
      "upsert": {
        "account": {
          "connect": {
            "id": "aeec08d8-e163-4b20-b6ac-89b52fc2fd67",
          },
        },
        "acquiredDate": 2025-08-12T00:00:00.000Z,
        "asset": {
          "connect": {
            "symbol": "CLF",
          },
        },
        "id": "fe16c22d-57e3-4374-ba71-76fa952fa0c8",
        "portfolio": {
          "connect": {
            "id": "8f58fa62-ecb7-4b35-afcc-15121f80cbb5",
          },
        },
        "price": "10.2662",
        "remainingQty": "5",
      },
    },
    {
      "accountId": "aeec08d8-e163-4b20-b6ac-89b52fc2fd67",
      "acquiredDate": 2025-04-16T00:00:00.000Z,
      "isNewBuy": false,
      "lotId": "3d51b7d4-d738-49a2-8520-8e2090115f91",
      "price": "54.74",
      "quantity": "1",
      "quantityChange": "0",
      "quantityFinal": "1",
      "symbol": "NKE",
      "upsert": {
        "account": {
          "connect": {
            "id": "aeec08d8-e163-4b20-b6ac-89b52fc2fd67",
          },
        },
        "acquiredDate": 2025-04-16T00:00:00.000Z,
        "asset": {
          "connect": {
            "symbol": "NKE",
          },
        },
        "id": "3d51b7d4-d738-49a2-8520-8e2090115f91",
        "portfolio": {
          "connect": {
            "id": "8f58fa62-ecb7-4b35-afcc-15121f80cbb5",
          },
        },
        "price": "54.74",
        "remainingQty": "1",
      },
    },
    {
      "accountId": "aeec08d8-e163-4b20-b6ac-89b52fc2fd67",
      "acquiredDate": 2025-08-18T00:00:00.000Z,
      "isNewBuy": false,
      "lotId": "b3509af3-0d3b-4a54-8563-04fefed3cfe1",
      "price": "8.475",
      "quantity": "3",
      "quantityChange": "0",
      "quantityFinal": "3",
      "symbol": "GT",
      "upsert": {
        "account": {
          "connect": {
            "id": "aeec08d8-e163-4b20-b6ac-89b52fc2fd67",
          },
        },
        "acquiredDate": 2025-08-18T00:00:00.000Z,
        "asset": {
          "connect": {
            "symbol": "GT",
          },
        },
        "id": "b3509af3-0d3b-4a54-8563-04fefed3cfe1",
        "portfolio": {
          "connect": {
            "id": "8f58fa62-ecb7-4b35-afcc-15121f80cbb5",
          },
        },
        "price": "8.475",
        "remainingQty": "3",
      },
    },
    {
      "accountId": "aeec08d8-e163-4b20-b6ac-89b52fc2fd67",
      "acquiredDate": 2025-08-18T00:00:00.000Z,
      "isNewBuy": false,
      "lotId": "88b41bca-4cfc-40f5-8879-b761004dda04",
      "price": "8.475",
      "quantity": "2",
      "quantityChange": "0",
      "quantityFinal": "2",
      "symbol": "GT",
      "upsert": {
        "account": {
          "connect": {
            "id": "aeec08d8-e163-4b20-b6ac-89b52fc2fd67",
          },
        },
        "acquiredDate": 2025-08-18T00:00:00.000Z,
        "asset": {
          "connect": {
            "symbol": "GT",
          },
        },
        "id": "88b41bca-4cfc-40f5-8879-b761004dda04",
        "portfolio": {
          "connect": {
            "id": "8f58fa62-ecb7-4b35-afcc-15121f80cbb5",
          },
        },
        "price": "8.475",
        "remainingQty": "2",
      },
    },
    {
      "accountId": "aeec08d8-e163-4b20-b6ac-89b52fc2fd67",
      "acquiredDate": 2025-08-13T00:00:00.000Z,
      "isNewBuy": false,
      "lotId": "72a10960-b5ad-4516-9594-2b85480834d5",
      "price": "8.576",
      "quantity": "5",
      "quantityChange": "0",
      "quantityFinal": "5",
      "symbol": "GT",
      "upsert": {
        "account": {
          "connect": {
            "id": "aeec08d8-e163-4b20-b6ac-89b52fc2fd67",
          },
        },
        "acquiredDate": 2025-08-13T00:00:00.000Z,
        "asset": {
          "connect": {
            "symbol": "GT",
          },
        },
        "id": "72a10960-b5ad-4516-9594-2b85480834d5",
        "portfolio": {
          "connect": {
            "id": "8f58fa62-ecb7-4b35-afcc-15121f80cbb5",
          },
        },
        "price": "8.576",
        "remainingQty": "5",
      },
    },
    {
      "accountId": "aeec08d8-e163-4b20-b6ac-89b52fc2fd67",
      "acquiredDate": 2025-08-12T00:00:00.000Z,
      "isNewBuy": false,
      "lotId": "a6d17e38-2e17-4eac-919b-99ea99c93cae",
      "price": "8.445",
      "quantity": "5",
      "quantityChange": "0",
      "quantityFinal": "5",
      "symbol": "GT",
      "upsert": {
        "account": {
          "connect": {
            "id": "aeec08d8-e163-4b20-b6ac-89b52fc2fd67",
          },
        },
        "acquiredDate": 2025-08-12T00:00:00.000Z,
        "asset": {
          "connect": {
            "symbol": "GT",
          },
        },
        "id": "a6d17e38-2e17-4eac-919b-99ea99c93cae",
        "portfolio": {
          "connect": {
            "id": "8f58fa62-ecb7-4b35-afcc-15121f80cbb5",
          },
        },
        "price": "8.445",
        "remainingQty": "5",
      },
    },
    {
      "accountId": "aeec08d8-e163-4b20-b6ac-89b52fc2fd67",
      "acquiredDate": 2025-04-30T00:00:00.000Z,
      "isNewBuy": false,
      "lotId": "2676ea8c-f975-4890-bd8e-ef0a3ca0b77f",
      "price": "10.705",
      "quantity": "4",
      "quantityChange": "0",
      "quantityFinal": "4",
      "symbol": "GT",
      "upsert": {
        "account": {
          "connect": {
            "id": "aeec08d8-e163-4b20-b6ac-89b52fc2fd67",
          },
        },
        "acquiredDate": 2025-04-30T00:00:00.000Z,
        "asset": {
          "connect": {
            "symbol": "GT",
          },
        },
        "id": "2676ea8c-f975-4890-bd8e-ef0a3ca0b77f",
        "portfolio": {
          "connect": {
            "id": "8f58fa62-ecb7-4b35-afcc-15121f80cbb5",
          },
        },
        "price": "10.705",
        "remainingQty": "4",
      },
    },
    {
      "accountId": "aeec08d8-e163-4b20-b6ac-89b52fc2fd67",
      "acquiredDate": 2025-05-01T00:00:00.000Z,
      "isNewBuy": false,
      "lotId": "b7f7354c-4bb0-404d-8fd8-bacab71d3d3d",
      "price": "1.876",
      "quantity": "20",
      "quantityChange": "0",
      "quantityFinal": "20",
      "symbol": "IQ",
      "upsert": {
        "account": {
          "connect": {
            "id": "aeec08d8-e163-4b20-b6ac-89b52fc2fd67",
          },
        },
        "acquiredDate": 2025-05-01T00:00:00.000Z,
        "asset": {
          "connect": {
            "symbol": "IQ",
          },
        },
        "id": "b7f7354c-4bb0-404d-8fd8-bacab71d3d3d",
        "portfolio": {
          "connect": {
            "id": "8f58fa62-ecb7-4b35-afcc-15121f80cbb5",
          },
        },
        "price": "1.876",
        "remainingQty": "20",
      },
    },
    {
      "accountId": "aeec08d8-e163-4b20-b6ac-89b52fc2fd67",
      "acquiredDate": 2025-08-22T00:00:00.000Z,
      "isNewBuy": false,
      "lotId": "a3660464-bcc3-4a64-b8fc-6cb0574e812c",
      "price": "2.4399",
      "quantity": "5",
      "quantityChange": "0",
      "quantityFinal": "5",
      "symbol": "IQ",
      "upsert": {
        "account": {
          "connect": {
            "id": "aeec08d8-e163-4b20-b6ac-89b52fc2fd67",
          },
        },
        "acquiredDate": 2025-08-22T00:00:00.000Z,
        "asset": {
          "connect": {
            "symbol": "IQ",
          },
        },
        "id": "a3660464-bcc3-4a64-b8fc-6cb0574e812c",
        "portfolio": {
          "connect": {
            "id": "8f58fa62-ecb7-4b35-afcc-15121f80cbb5",
          },
        },
        "price": "2.4399",
        "remainingQty": "5",
      },
    },
    {
      "accountId": "aeec08d8-e163-4b20-b6ac-89b52fc2fd67",
      "acquiredDate": 2025-08-18T00:00:00.000Z,
      "isNewBuy": false,
      "lotId": "223423dc-a056-46b0-9819-7078e9681474",
      "price": "2.395",
      "quantity": "10",
      "quantityChange": "0",
      "quantityFinal": "10",
      "symbol": "IQ",
      "upsert": {
        "account": {
          "connect": {
            "id": "aeec08d8-e163-4b20-b6ac-89b52fc2fd67",
          },
        },
        "acquiredDate": 2025-08-18T00:00:00.000Z,
        "asset": {
          "connect": {
            "symbol": "IQ",
          },
        },
        "id": "223423dc-a056-46b0-9819-7078e9681474",
        "portfolio": {
          "connect": {
            "id": "8f58fa62-ecb7-4b35-afcc-15121f80cbb5",
          },
        },
        "price": "2.395",
        "remainingQty": "10",
      },
    },
    {
      "accountId": "aeec08d8-e163-4b20-b6ac-89b52fc2fd67",
      "acquiredDate": 2024-05-23T00:00:00.000Z,
      "isNewBuy": false,
      "lotId": "cd27aa80-9341-4a96-b66a-50f2e1628979",
      "price": "2.156",
      "quantity": "5",
      "quantityChange": "0",
      "quantityFinal": "5",
      "symbol": "OPEN",
      "upsert": {
        "account": {
          "connect": {
            "id": "aeec08d8-e163-4b20-b6ac-89b52fc2fd67",
          },
        },
        "acquiredDate": 2024-05-23T00:00:00.000Z,
        "asset": {
          "connect": {
            "symbol": "OPEN",
          },
        },
        "id": "cd27aa80-9341-4a96-b66a-50f2e1628979",
        "portfolio": {
          "connect": {
            "id": "8f58fa62-ecb7-4b35-afcc-15121f80cbb5",
          },
        },
        "price": "2.156",
        "remainingQty": "5",
      },
    },
    {
      "accountId": "aeec08d8-e163-4b20-b6ac-89b52fc2fd67",
      "acquiredDate": 2024-06-24T00:00:00.000Z,
      "isNewBuy": false,
      "lotId": "8e7ebd66-dc62-44c3-b074-136235579735",
      "price": "1.836",
      "quantity": "5",
      "quantityChange": "0",
      "quantityFinal": "5",
      "symbol": "OPEN",
      "upsert": {
        "account": {
          "connect": {
            "id": "aeec08d8-e163-4b20-b6ac-89b52fc2fd67",
          },
        },
        "acquiredDate": 2024-06-24T00:00:00.000Z,
        "asset": {
          "connect": {
            "symbol": "OPEN",
          },
        },
        "id": "8e7ebd66-dc62-44c3-b074-136235579735",
        "portfolio": {
          "connect": {
            "id": "8f58fa62-ecb7-4b35-afcc-15121f80cbb5",
          },
        },
        "price": "1.836",
        "remainingQty": "5",
      },
    },
    {
      "accountId": "aeec08d8-e163-4b20-b6ac-89b52fc2fd67",
      "acquiredDate": 2024-06-26T00:00:00.000Z,
      "isNewBuy": false,
      "lotId": "e3081b66-c556-4d61-866c-8017e110694f",
      "price": "1.75",
      "quantity": "4",
      "quantityChange": "0",
      "quantityFinal": "4",
      "symbol": "OPEN",
      "upsert": {
        "account": {
          "connect": {
            "id": "aeec08d8-e163-4b20-b6ac-89b52fc2fd67",
          },
        },
        "acquiredDate": 2024-06-26T00:00:00.000Z,
        "asset": {
          "connect": {
            "symbol": "OPEN",
          },
        },
        "id": "e3081b66-c556-4d61-866c-8017e110694f",
        "portfolio": {
          "connect": {
            "id": "8f58fa62-ecb7-4b35-afcc-15121f80cbb5",
          },
        },
        "price": "1.75",
        "remainingQty": "4",
      },
    },
    {
      "accountId": "aeec08d8-e163-4b20-b6ac-89b52fc2fd67",
      "acquiredDate": 2025-04-15T00:00:00.000Z,
      "isNewBuy": false,
      "lotId": "4bddb04f-74d7-40d4-b727-69b4c9eaa2fc",
      "price": "0.9533",
      "quantity": "3",
      "quantityChange": "0",
      "quantityFinal": "3",
      "symbol": "OPEN",
      "upsert": {
        "account": {
          "connect": {
            "id": "aeec08d8-e163-4b20-b6ac-89b52fc2fd67",
          },
        },
        "acquiredDate": 2025-04-15T00:00:00.000Z,
        "asset": {
          "connect": {
            "symbol": "OPEN",
          },
        },
        "id": "4bddb04f-74d7-40d4-b727-69b4c9eaa2fc",
        "portfolio": {
          "connect": {
            "id": "8f58fa62-ecb7-4b35-afcc-15121f80cbb5",
          },
        },
        "price": "0.9533",
        "remainingQty": "3",
      },
    },
    {
      "accountId": "aeec08d8-e163-4b20-b6ac-89b52fc2fd67",
      "acquiredDate": 2025-04-16T00:00:00.000Z,
      "isNewBuy": false,
      "lotId": "e0ed7850-c944-4a35-8288-9a1ca0c06c82",
      "price": "0.9533",
      "quantity": "3",
      "quantityChange": "0",
      "quantityFinal": "3",
      "symbol": "OPEN",
      "upsert": {
        "account": {
          "connect": {
            "id": "aeec08d8-e163-4b20-b6ac-89b52fc2fd67",
          },
        },
        "acquiredDate": 2025-04-16T00:00:00.000Z,
        "asset": {
          "connect": {
            "symbol": "OPEN",
          },
        },
        "id": "e0ed7850-c944-4a35-8288-9a1ca0c06c82",
        "portfolio": {
          "connect": {
            "id": "8f58fa62-ecb7-4b35-afcc-15121f80cbb5",
          },
        },
        "price": "0.9533",
        "remainingQty": "3",
      },
    },
    {
      "accountId": "aeec08d8-e163-4b20-b6ac-89b52fc2fd67",
      "acquiredDate": 2025-04-17T00:00:00.000Z,
      "isNewBuy": false,
      "lotId": "3ee01f2d-9add-4f79-b0e7-c9835168aecb",
      "price": "0.96",
      "quantity": "8",
      "quantityChange": "0",
      "quantityFinal": "8",
      "symbol": "OPEN",
      "upsert": {
        "account": {
          "connect": {
            "id": "aeec08d8-e163-4b20-b6ac-89b52fc2fd67",
          },
        },
        "acquiredDate": 2025-04-17T00:00:00.000Z,
        "asset": {
          "connect": {
            "symbol": "OPEN",
          },
        },
        "id": "3ee01f2d-9add-4f79-b0e7-c9835168aecb",
        "portfolio": {
          "connect": {
            "id": "8f58fa62-ecb7-4b35-afcc-15121f80cbb5",
          },
        },
        "price": "0.96",
        "remainingQty": "8",
      },
    },
    {
      "accountId": "aeec08d8-e163-4b20-b6ac-89b52fc2fd67",
      "acquiredDate": 2025-05-01T00:00:00.000Z,
      "isNewBuy": false,
      "lotId": "bdbc2587-2469-4f0e-adff-09b5b97f3e95",
      "price": "0.75",
      "quantity": "20",
      "quantityChange": "0",
      "quantityFinal": "20",
      "symbol": "OPEN",
      "upsert": {
        "account": {
          "connect": {
            "id": "aeec08d8-e163-4b20-b6ac-89b52fc2fd67",
          },
        },
        "acquiredDate": 2025-05-01T00:00:00.000Z,
        "asset": {
          "connect": {
            "symbol": "OPEN",
          },
        },
        "id": "bdbc2587-2469-4f0e-adff-09b5b97f3e95",
        "portfolio": {
          "connect": {
            "id": "8f58fa62-ecb7-4b35-afcc-15121f80cbb5",
          },
        },
        "price": "0.75",
        "remainingQty": "20",
      },
    },
    {
      "accountId": "aeec08d8-e163-4b20-b6ac-89b52fc2fd67",
      "acquiredDate": 2025-08-18T00:00:00.000Z,
      "isNewBuy": true,
      "lotId": "669e6a65-8269-47e1-a9c1-0a675ff91015",
      "price": "3.365",
      "quantity": "5",
      "quantityChange": "0",
      "quantityFinal": "5",
      "symbol": "OPEN",
      "upsert": {
        "account": {
          "connect": {
            "id": "aeec08d8-e163-4b20-b6ac-89b52fc2fd67",
          },
        },
        "acquiredDate": 2025-08-18T00:00:00.000Z,
        "asset": {
          "connect": {
            "symbol": "OPEN",
          },
        },
        "id": "669e6a65-8269-47e1-a9c1-0a675ff91015",
        "portfolio": {
          "connect": {
            "id": "8f58fa62-ecb7-4b35-afcc-15121f80cbb5",
          },
        },
        "price": "3.365",
        "remainingQty": "5",
      },
    },
    {
      "accountId": "aeec08d8-e163-4b20-b6ac-89b52fc2fd67",
      "acquiredDate": 2025-04-30T00:00:00.000Z,
      "isNewBuy": false,
      "lotId": "a3e442fa-9642-40dd-ac25-046719967038",
      "price": "12.43",
      "quantity": "6",
      "quantityChange": "0",
      "quantityFinal": "6",
      "symbol": "SOFI",
      "upsert": {
        "account": {
          "connect": {
            "id": "aeec08d8-e163-4b20-b6ac-89b52fc2fd67",
          },
        },
        "acquiredDate": 2025-04-30T00:00:00.000Z,
        "asset": {
          "connect": {
            "symbol": "SOFI",
          },
        },
        "id": "a3e442fa-9642-40dd-ac25-046719967038",
        "portfolio": {
          "connect": {
            "id": "8f58fa62-ecb7-4b35-afcc-15121f80cbb5",
          },
        },
        "price": "12.43",
        "remainingQty": "6",
      },
    },
    {
      "accountId": "aeec08d8-e163-4b20-b6ac-89b52fc2fd67",
      "acquiredDate": 2024-05-23T00:00:00.000Z,
      "isNewBuy": false,
      "lotId": "5b167a0e-244e-4920-8c51-8ec61d62b631",
      "price": "6.96",
      "quantity": "3",
      "quantityChange": "0",
      "quantityFinal": "3",
      "symbol": "SOFI",
      "upsert": {
        "account": {
          "connect": {
            "id": "aeec08d8-e163-4b20-b6ac-89b52fc2fd67",
          },
        },
        "acquiredDate": 2024-05-23T00:00:00.000Z,
        "asset": {
          "connect": {
            "symbol": "SOFI",
          },
        },
        "id": "5b167a0e-244e-4920-8c51-8ec61d62b631",
        "portfolio": {
          "connect": {
            "id": "8f58fa62-ecb7-4b35-afcc-15121f80cbb5",
          },
        },
        "price": "6.96",
        "remainingQty": "3",
      },
    },
    {
      "accountId": "aeec08d8-e163-4b20-b6ac-89b52fc2fd67",
      "acquiredDate": 2024-06-20T00:00:00.000Z,
      "isNewBuy": false,
      "lotId": "866b3d69-db1f-43c0-bcf9-bdd873c8ce22",
      "price": "6.41",
      "quantity": "2",
      "quantityChange": "0",
      "quantityFinal": "2",
      "symbol": "SOFI",
      "upsert": {
        "account": {
          "connect": {
            "id": "aeec08d8-e163-4b20-b6ac-89b52fc2fd67",
          },
        },
        "acquiredDate": 2024-06-20T00:00:00.000Z,
        "asset": {
          "connect": {
            "symbol": "SOFI",
          },
        },
        "id": "866b3d69-db1f-43c0-bcf9-bdd873c8ce22",
        "portfolio": {
          "connect": {
            "id": "8f58fa62-ecb7-4b35-afcc-15121f80cbb5",
          },
        },
        "price": "6.41",
        "remainingQty": "2",
      },
    },
    {
      "accountId": "aeec08d8-e163-4b20-b6ac-89b52fc2fd67",
      "acquiredDate": 2024-06-24T00:00:00.000Z,
      "isNewBuy": false,
      "lotId": "edbee758-e9f6-459c-ab58-6a9d83d9ccfd",
      "price": "6.4465",
      "quantity": "3",
      "quantityChange": "0",
      "quantityFinal": "3",
      "symbol": "SOFI",
      "upsert": {
        "account": {
          "connect": {
            "id": "aeec08d8-e163-4b20-b6ac-89b52fc2fd67",
          },
        },
        "acquiredDate": 2024-06-24T00:00:00.000Z,
        "asset": {
          "connect": {
            "symbol": "SOFI",
          },
        },
        "id": "edbee758-e9f6-459c-ab58-6a9d83d9ccfd",
        "portfolio": {
          "connect": {
            "id": "8f58fa62-ecb7-4b35-afcc-15121f80cbb5",
          },
        },
        "price": "6.4465",
        "remainingQty": "3",
      },
    },
    {
      "accountId": "aeec08d8-e163-4b20-b6ac-89b52fc2fd67",
      "acquiredDate": 2025-04-16T00:00:00.000Z,
      "isNewBuy": false,
      "lotId": "9d622d64-e71b-4de0-98ca-6bbed2b4f43d",
      "price": "10.7467",
      "quantity": "3",
      "quantityChange": "0",
      "quantityFinal": "3",
      "symbol": "SOFI",
      "upsert": {
        "account": {
          "connect": {
            "id": "aeec08d8-e163-4b20-b6ac-89b52fc2fd67",
          },
        },
        "acquiredDate": 2025-04-16T00:00:00.000Z,
        "asset": {
          "connect": {
            "symbol": "SOFI",
          },
        },
        "id": "9d622d64-e71b-4de0-98ca-6bbed2b4f43d",
        "portfolio": {
          "connect": {
            "id": "8f58fa62-ecb7-4b35-afcc-15121f80cbb5",
          },
        },
        "price": "10.7467",
        "remainingQty": "3",
      },
    },
    {
      "accountId": "aeec08d8-e163-4b20-b6ac-89b52fc2fd67",
      "acquiredDate": 2025-05-06T00:00:00.000Z,
      "isNewBuy": false,
      "lotId": "d61dbf3d-95bd-45d3-a2f4-a1d656b49566",
      "price": "30.065",
      "quantity": "4",
      "quantityChange": "2",
      "quantityFinal": "2",
      "symbol": "SQQQ",
      "upsert": {
        "account": {
          "connect": {
            "id": "aeec08d8-e163-4b20-b6ac-89b52fc2fd67",
          },
        },
        "acquiredDate": 2025-08-13T00:00:00.000Z,
        "asset": {
          "connect": {
            "symbol": "SQQQ",
          },
        },
        "id": "f984c79e-5d6b-4c6d-876f-3e9e6a998796",
        "portfolio": {
          "connect": {
            "id": "8f58fa62-ecb7-4b35-afcc-15121f80cbb5",
          },
        },
        "price": "16.925",
        "remainingQty": "2",
      },
    },
    {
      "accountId": "aeec08d8-e163-4b20-b6ac-89b52fc2fd67",
      "acquiredDate": 2024-05-23T00:00:00.000Z,
      "isNewBuy": false,
      "lotId": "0ad77ce0-9286-4ebc-becf-3e1f1b999456",
      "price": "17.39",
      "quantity": "2",
      "quantityChange": "0",
      "quantityFinal": "2",
      "symbol": "T",
      "upsert": {
        "account": {
          "connect": {
            "id": "aeec08d8-e163-4b20-b6ac-89b52fc2fd67",
          },
        },
        "acquiredDate": 2024-05-23T00:00:00.000Z,
        "asset": {
          "connect": {
            "symbol": "T",
          },
        },
        "id": "0ad77ce0-9286-4ebc-becf-3e1f1b999456",
        "portfolio": {
          "connect": {
            "id": "8f58fa62-ecb7-4b35-afcc-15121f80cbb5",
          },
        },
        "price": "17.39",
        "remainingQty": "2",
      },
    },
    {
      "accountId": "aeec08d8-e163-4b20-b6ac-89b52fc2fd67",
      "acquiredDate": 2024-06-26T00:00:00.000Z,
      "isNewBuy": false,
      "lotId": "48fb4441-a6b7-4bf7-9027-c69b274411d9",
      "price": "18.66",
      "quantity": "2",
      "quantityChange": "0",
      "quantityFinal": "2",
      "symbol": "T",
      "upsert": {
        "account": {
          "connect": {
            "id": "aeec08d8-e163-4b20-b6ac-89b52fc2fd67",
          },
        },
        "acquiredDate": 2024-06-26T00:00:00.000Z,
        "asset": {
          "connect": {
            "symbol": "T",
          },
        },
        "id": "48fb4441-a6b7-4bf7-9027-c69b274411d9",
        "portfolio": {
          "connect": {
            "id": "8f58fa62-ecb7-4b35-afcc-15121f80cbb5",
          },
        },
        "price": "18.66",
        "remainingQty": "2",
      },
    },
    {
      "accountId": "aeec08d8-e163-4b20-b6ac-89b52fc2fd67",
      "acquiredDate": 2025-04-30T00:00:00.000Z,
      "isNewBuy": false,
      "lotId": "128975cb-397a-4f4f-a934-b06dc7d3a4d3",
      "price": "9.355",
      "quantity": "6",
      "quantityChange": "0",
      "quantityFinal": "6",
      "symbol": "VALE",
      "upsert": {
        "account": {
          "connect": {
            "id": "aeec08d8-e163-4b20-b6ac-89b52fc2fd67",
          },
        },
        "acquiredDate": 2025-04-30T00:00:00.000Z,
        "asset": {
          "connect": {
            "symbol": "VALE",
          },
        },
        "id": "128975cb-397a-4f4f-a934-b06dc7d3a4d3",
        "portfolio": {
          "connect": {
            "id": "8f58fa62-ecb7-4b35-afcc-15121f80cbb5",
          },
        },
        "price": "9.355",
        "remainingQty": "6",
      },
    },
    {
      "accountId": "aeec08d8-e163-4b20-b6ac-89b52fc2fd67",
      "acquiredDate": 2025-08-12T00:00:00.000Z,
      "isNewBuy": false,
      "lotId": "bfbfb8e5-ba97-4d37-bd09-6366af175b1c",
      "price": "10.355",
      "quantity": "5",
      "quantityChange": "0",
      "quantityFinal": "5",
      "symbol": "VALE",
      "upsert": {
        "account": {
          "connect": {
            "id": "aeec08d8-e163-4b20-b6ac-89b52fc2fd67",
          },
        },
        "acquiredDate": 2025-08-12T00:00:00.000Z,
        "asset": {
          "connect": {
            "symbol": "VALE",
          },
        },
        "id": "bfbfb8e5-ba97-4d37-bd09-6366af175b1c",
        "portfolio": {
          "connect": {
            "id": "8f58fa62-ecb7-4b35-afcc-15121f80cbb5",
          },
        },
        "price": "10.355",
        "remainingQty": "5",
      },
    },
    {
      "accountId": "aeec08d8-e163-4b20-b6ac-89b52fc2fd67",
      "acquiredDate": 2025-04-30T00:00:00.000Z,
      "isNewBuy": false,
      "lotId": "13f493eb-7de8-4bb3-a803-81605b28f70b",
      "price": "38.4875",
      "quantity": "4",
      "quantityChange": "0",
      "quantityFinal": "4",
      "symbol": "ON",
      "upsert": {
        "account": {
          "connect": {
            "id": "aeec08d8-e163-4b20-b6ac-89b52fc2fd67",
          },
        },
        "acquiredDate": 2025-04-30T00:00:00.000Z,
        "asset": {
          "connect": {
            "symbol": "ON",
          },
        },
        "id": "13f493eb-7de8-4bb3-a803-81605b28f70b",
        "portfolio": {
          "connect": {
            "id": "8f58fa62-ecb7-4b35-afcc-15121f80cbb5",
          },
        },
        "price": "38.4875",
        "remainingQty": "4",
      },
    },
    {
      "accountId": "aeec08d8-e163-4b20-b6ac-89b52fc2fd67",
      "acquiredDate": 2024-06-26T00:00:00.000Z,
      "isNewBuy": false,
      "lotId": "074dc9e1-ee42-4f78-8f88-e2e00dcda05d",
      "price": "67.93",
      "quantity": "2",
      "quantityChange": "0",
      "quantityFinal": "2",
      "symbol": "ON",
      "upsert": {
        "account": {
          "connect": {
            "id": "aeec08d8-e163-4b20-b6ac-89b52fc2fd67",
          },
        },
        "acquiredDate": 2024-06-26T00:00:00.000Z,
        "asset": {
          "connect": {
            "symbol": "ON",
          },
        },
        "id": "074dc9e1-ee42-4f78-8f88-e2e00dcda05d",
        "portfolio": {
          "connect": {
            "id": "8f58fa62-ecb7-4b35-afcc-15121f80cbb5",
          },
        },
        "price": "67.93",
        "remainingQty": "2",
      },
    },
    {
      "accountId": "aeec08d8-e163-4b20-b6ac-89b52fc2fd67",
      "acquiredDate": 2025-04-16T00:00:00.000Z,
      "isNewBuy": false,
      "lotId": "72db0e28-da85-4ad2-b8cf-e1c735cd95bf",
      "price": "34.7",
      "quantity": "2",
      "quantityChange": "0",
      "quantityFinal": "2",
      "symbol": "ON",
      "upsert": {
        "account": {
          "connect": {
            "id": "aeec08d8-e163-4b20-b6ac-89b52fc2fd67",
          },
        },
        "acquiredDate": 2025-04-16T00:00:00.000Z,
        "asset": {
          "connect": {
            "symbol": "ON",
          },
        },
        "id": "72db0e28-da85-4ad2-b8cf-e1c735cd95bf",
        "portfolio": {
          "connect": {
            "id": "8f58fa62-ecb7-4b35-afcc-15121f80cbb5",
          },
        },
        "price": "34.7",
        "remainingQty": "2",
      },
    },
    {
      "accountId": "aeec08d8-e163-4b20-b6ac-89b52fc2fd67",
      "acquiredDate": 2024-05-23T00:00:00.000Z,
      "isNewBuy": false,
      "lotId": "ee2d70c2-25bc-412c-8a0d-7bc3ac7f1815",
      "price": "74.38",
      "quantity": "1",
      "quantityChange": "0",
      "quantityFinal": "1",
      "symbol": "ON",
      "upsert": {
        "account": {
          "connect": {
            "id": "aeec08d8-e163-4b20-b6ac-89b52fc2fd67",
          },
        },
        "acquiredDate": 2024-05-23T00:00:00.000Z,
        "asset": {
          "connect": {
            "symbol": "ON",
          },
        },
        "id": "ee2d70c2-25bc-412c-8a0d-7bc3ac7f1815",
        "portfolio": {
          "connect": {
            "id": "8f58fa62-ecb7-4b35-afcc-15121f80cbb5",
          },
        },
        "price": "74.38",
        "remainingQty": "1",
      },
    },
    {
      "accountId": "aeec08d8-e163-4b20-b6ac-89b52fc2fd67",
      "acquiredDate": 2024-06-20T00:00:00.000Z,
      "isNewBuy": false,
      "lotId": "caae1738-1261-4171-abfa-0413088c9822",
      "price": "69.23",
      "quantity": "1",
      "quantityChange": "0",
      "quantityFinal": "1",
      "symbol": "ON",
      "upsert": {
        "account": {
          "connect": {
            "id": "aeec08d8-e163-4b20-b6ac-89b52fc2fd67",
          },
        },
        "acquiredDate": 2024-06-20T00:00:00.000Z,
        "asset": {
          "connect": {
            "symbol": "ON",
          },
        },
        "id": "caae1738-1261-4171-abfa-0413088c9822",
        "portfolio": {
          "connect": {
            "id": "8f58fa62-ecb7-4b35-afcc-15121f80cbb5",
          },
        },
        "price": "69.23",
        "remainingQty": "1",
      },
    },
    {
      "accountId": "aeec08d8-e163-4b20-b6ac-89b52fc2fd67",
      "acquiredDate": 2025-08-22T00:00:00.000Z,
      "isNewBuy": true,
      "lotId": "d7350c20-6fac-40af-b9bd-cc9b3b43e654",
      "price": "8.3958",
      "quantity": "4",
      "quantityChange": "0",
      "quantityFinal": "4",
      "symbol": "CERO",
      "upsert": {
        "account": {
          "connect": {
            "id": "aeec08d8-e163-4b20-b6ac-89b52fc2fd67",
          },
        },
        "acquiredDate": 2025-08-22T00:00:00.000Z,
        "asset": {
          "connect": {
            "symbol": "CERO",
          },
        },
        "id": "d7350c20-6fac-40af-b9bd-cc9b3b43e654",
        "portfolio": {
          "connect": {
            "id": "8f58fa62-ecb7-4b35-afcc-15121f80cbb5",
          },
        },
        "price": "8.3958",
        "remainingQty": "4",
      },
    },
    {
      "accountId": "aeec08d8-e163-4b20-b6ac-89b52fc2fd67",
      "acquiredDate": 2025-08-18T00:00:00.000Z,
      "isNewBuy": true,
      "lotId": "8ce4a548-8d3b-4d76-82d4-1940a6fc61e1",
      "price": "8.5277",
      "quantity": "5",
      "quantityChange": "0",
      "quantityFinal": "5",
      "symbol": "CERO",
      "upsert": {
        "account": {
          "connect": {
            "id": "aeec08d8-e163-4b20-b6ac-89b52fc2fd67",
          },
        },
        "acquiredDate": 2025-08-18T00:00:00.000Z,
        "asset": {
          "connect": {
            "symbol": "CERO",
          },
        },
        "id": "8ce4a548-8d3b-4d76-82d4-1940a6fc61e1",
        "portfolio": {
          "connect": {
            "id": "8f58fa62-ecb7-4b35-afcc-15121f80cbb5",
          },
        },
        "price": "8.5277",
        "remainingQty": "5",
      },
    },
    {
      "accountId": "aeec08d8-e163-4b20-b6ac-89b52fc2fd67",
      "acquiredDate": 2025-08-11T00:00:00.000Z,
      "isNewBuy": true,
      "lotId": "1eaa82e9-c9ff-46e5-ba58-7be2d2a2e66d",
      "price": "8",
      "quantity": "15",
      "quantityChange": "0",
      "quantityFinal": "15",
      "symbol": "CERO",
      "upsert": {
        "account": {
          "connect": {
            "id": "aeec08d8-e163-4b20-b6ac-89b52fc2fd67",
          },
        },
        "acquiredDate": 2025-08-11T00:00:00.000Z,
        "asset": {
          "connect": {
            "symbol": "CERO",
          },
        },
        "id": "1eaa82e9-c9ff-46e5-ba58-7be2d2a2e66d",
        "portfolio": {
          "connect": {
            "id": "8f58fa62-ecb7-4b35-afcc-15121f80cbb5",
          },
        },
        "price": "8",
        "remainingQty": "15",
      },
    },
    {
      "accountId": "aeec08d8-e163-4b20-b6ac-89b52fc2fd67",
      "acquiredDate": 2024-05-23T00:00:00.000Z,
      "isNewBuy": false,
      "lotId": "136fe4d8-aca3-44df-8dfb-ced580092a9b",
      "price": "8.035",
      "quantity": "2",
      "quantityChange": "0",
      "quantityFinal": "2",
      "symbol": "WBD",
      "upsert": {
        "account": {
          "connect": {
            "id": "aeec08d8-e163-4b20-b6ac-89b52fc2fd67",
          },
        },
        "acquiredDate": 2024-05-23T00:00:00.000Z,
        "asset": {
          "connect": {
            "symbol": "WBD",
          },
        },
        "id": "136fe4d8-aca3-44df-8dfb-ced580092a9b",
        "portfolio": {
          "connect": {
            "id": "8f58fa62-ecb7-4b35-afcc-15121f80cbb5",
          },
        },
        "price": "8.035",
        "remainingQty": "2",
      },
    },
    {
      "accountId": "aeec08d8-e163-4b20-b6ac-89b52fc2fd67",
      "acquiredDate": 2024-06-26T00:00:00.000Z,
      "isNewBuy": false,
      "lotId": "3d218198-599c-425c-af08-f518bd1cdc37",
      "price": "7.19",
      "quantity": "3",
      "quantityChange": "0",
      "quantityFinal": "3",
      "symbol": "WBD",
      "upsert": {
        "account": {
          "connect": {
            "id": "aeec08d8-e163-4b20-b6ac-89b52fc2fd67",
          },
        },
        "acquiredDate": 2024-06-26T00:00:00.000Z,
        "asset": {
          "connect": {
            "symbol": "WBD",
          },
        },
        "id": "3d218198-599c-425c-af08-f518bd1cdc37",
        "portfolio": {
          "connect": {
            "id": "8f58fa62-ecb7-4b35-afcc-15121f80cbb5",
          },
        },
        "price": "7.19",
        "remainingQty": "3",
      },
    },
    {
      "accountId": "aeec08d8-e163-4b20-b6ac-89b52fc2fd67",
      "acquiredDate": 2025-04-16T00:00:00.000Z,
      "isNewBuy": false,
      "lotId": "3b6416ff-c214-4325-be17-44e824b91d55",
      "price": "8.1167",
      "quantity": "3",
      "quantityChange": "0",
      "quantityFinal": "3",
      "symbol": "WBD",
      "upsert": {
        "account": {
          "connect": {
            "id": "aeec08d8-e163-4b20-b6ac-89b52fc2fd67",
          },
        },
        "acquiredDate": 2025-04-16T00:00:00.000Z,
        "asset": {
          "connect": {
            "symbol": "WBD",
          },
        },
        "id": "3b6416ff-c214-4325-be17-44e824b91d55",
        "portfolio": {
          "connect": {
            "id": "8f58fa62-ecb7-4b35-afcc-15121f80cbb5",
          },
        },
        "price": "8.1167",
        "remainingQty": "3",
      },
    },
    {
      "accountId": "aeec08d8-e163-4b20-b6ac-89b52fc2fd67",
      "acquiredDate": 2025-05-01T00:00:00.000Z,
      "isNewBuy": false,
      "lotId": "9e7eb80d-dbd8-42a3-80d0-15c2ef45ad8d",
      "price": "8.4967",
      "quantity": "3",
      "quantityChange": "0",
      "quantityFinal": "3",
      "symbol": "WBD",
      "upsert": {
        "account": {
          "connect": {
            "id": "aeec08d8-e163-4b20-b6ac-89b52fc2fd67",
          },
        },
        "acquiredDate": 2025-05-01T00:00:00.000Z,
        "asset": {
          "connect": {
            "symbol": "WBD",
          },
        },
        "id": "9e7eb80d-dbd8-42a3-80d0-15c2ef45ad8d",
        "portfolio": {
          "connect": {
            "id": "8f58fa62-ecb7-4b35-afcc-15121f80cbb5",
          },
        },
        "price": "8.4967",
        "remainingQty": "3",
      },
    },
    {
      "accountId": "aeec08d8-e163-4b20-b6ac-89b52fc2fd67",
      "acquiredDate": 2025-08-12T00:00:00.000Z,
      "isNewBuy": true,
      "lotId": "d8887db1-c8e3-40d7-bca9-d1bccba0f66b",
      "price": "10.976",
      "quantity": "5",
      "quantityChange": "0",
      "quantityFinal": "5",
      "symbol": "WBD",
      "upsert": {
        "account": {
          "connect": {
            "id": "aeec08d8-e163-4b20-b6ac-89b52fc2fd67",
          },
        },
        "acquiredDate": 2025-08-12T00:00:00.000Z,
        "asset": {
          "connect": {
            "symbol": "WBD",
          },
        },
        "id": "d8887db1-c8e3-40d7-bca9-d1bccba0f66b",
        "portfolio": {
          "connect": {
            "id": "8f58fa62-ecb7-4b35-afcc-15121f80cbb5",
          },
        },
        "price": "10.976",
        "remainingQty": "5",
      },
    },
    {
      "accountId": "aeec08d8-e163-4b20-b6ac-89b52fc2fd67",
      "acquiredDate": 2025-04-17T00:00:00.000Z,
      "isNewBuy": false,
      "lotId": "27a1b14b-a0aa-47f7-9c74-d846beebf3fa",
      "price": "54.345",
      "quantity": "2",
      "quantityChange": "0",
      "quantityFinal": "2",
      "symbol": "XYZ",
      "upsert": {
        "account": {
          "connect": {
            "id": "aeec08d8-e163-4b20-b6ac-89b52fc2fd67",
          },
        },
        "acquiredDate": 2025-04-17T00:00:00.000Z,
        "asset": {
          "connect": {
            "symbol": "XYZ",
          },
        },
        "id": "27a1b14b-a0aa-47f7-9c74-d846beebf3fa",
        "portfolio": {
          "connect": {
            "id": "8f58fa62-ecb7-4b35-afcc-15121f80cbb5",
          },
        },
        "price": "54.345",
        "remainingQty": "2",
      },
    },
    {
      "accountId": "aeec08d8-e163-4b20-b6ac-89b52fc2fd67",
      "acquiredDate": 2024-06-07T00:00:00.000Z,
      "isNewBuy": false,
      "lotId": "826e83e6-59bd-43f2-b064-3e7a0b4d8e29",
      "price": "58.17",
      "quantity": "1",
      "quantityChange": "0",
      "quantityFinal": "1",
      "symbol": "XYZ",
      "upsert": {
        "account": {
          "connect": {
            "id": "aeec08d8-e163-4b20-b6ac-89b52fc2fd67",
          },
        },
        "acquiredDate": 2024-06-07T00:00:00.000Z,
        "asset": {
          "connect": {
            "symbol": "XYZ",
          },
        },
        "id": "826e83e6-59bd-43f2-b064-3e7a0b4d8e29",
        "portfolio": {
          "connect": {
            "id": "8f58fa62-ecb7-4b35-afcc-15121f80cbb5",
          },
        },
        "price": "58.17",
        "remainingQty": "1",
      },
    },
    {
      "accountId": "aeec08d8-e163-4b20-b6ac-89b52fc2fd67",
      "acquiredDate": 2024-05-10T00:00:00.000Z,
      "isNewBuy": false,
      "lotId": "b41d3fd4-cf50-4213-ab35-739b0d8a01fb",
      "price": "64.62",
      "quantity": "1",
      "quantityChange": "0",
      "quantityFinal": "1",
      "symbol": "XYZ",
      "upsert": {
        "account": {
          "connect": {
            "id": "aeec08d8-e163-4b20-b6ac-89b52fc2fd67",
          },
        },
        "acquiredDate": 2024-05-10T00:00:00.000Z,
        "asset": {
          "connect": {
            "symbol": "XYZ",
          },
        },
        "id": "b41d3fd4-cf50-4213-ab35-739b0d8a01fb",
        "portfolio": {
          "connect": {
            "id": "8f58fa62-ecb7-4b35-afcc-15121f80cbb5",
          },
        },
        "price": "64.62",
        "remainingQty": "1",
      },
    },
    {
      "accountId": "aeec08d8-e163-4b20-b6ac-89b52fc2fd67",
      "acquiredDate": 2025-05-01T00:00:00.000Z,
      "isNewBuy": false,
      "lotId": "1966f137-09b0-43c3-b0bf-74cb7feff131",
      "price": "26.74",
      "quantity": "2",
      "quantityChange": "0",
      "quantityFinal": "2",
      "symbol": "OKLO",
      "upsert": {
        "account": {
          "connect": {
            "id": "aeec08d8-e163-4b20-b6ac-89b52fc2fd67",
          },
        },
        "acquiredDate": 2025-05-01T00:00:00.000Z,
        "asset": {
          "connect": {
            "symbol": "OKLO",
          },
        },
        "id": "1966f137-09b0-43c3-b0bf-74cb7feff131",
        "portfolio": {
          "connect": {
            "id": "8f58fa62-ecb7-4b35-afcc-15121f80cbb5",
          },
        },
        "price": "26.74",
        "remainingQty": "2",
      },
    },
    {
      "accountId": "aeec08d8-e163-4b20-b6ac-89b52fc2fd67",
      "acquiredDate": 2024-05-23T00:00:00.000Z,
      "isNewBuy": false,
      "lotId": "4f1fbbfe-3a07-458c-89ff-9567d95e395e",
      "price": "7.55",
      "quantity": "1",
      "quantityChange": "0",
      "quantityFinal": "1",
      "symbol": "OKLO",
      "upsert": {
        "account": {
          "connect": {
            "id": "aeec08d8-e163-4b20-b6ac-89b52fc2fd67",
          },
        },
        "acquiredDate": 2024-05-23T00:00:00.000Z,
        "asset": {
          "connect": {
            "symbol": "OKLO",
          },
        },
        "id": "4f1fbbfe-3a07-458c-89ff-9567d95e395e",
        "portfolio": {
          "connect": {
            "id": "8f58fa62-ecb7-4b35-afcc-15121f80cbb5",
          },
        },
        "price": "7.55",
        "remainingQty": "1",
      },
    },
    {
      "accountId": "aeec08d8-e163-4b20-b6ac-89b52fc2fd67",
      "acquiredDate": 2024-06-20T00:00:00.000Z,
      "isNewBuy": false,
      "lotId": "c91dcf86-326a-451c-9d6e-8043247b0056",
      "price": "10.08",
      "quantity": "2",
      "quantityChange": "0",
      "quantityFinal": "2",
      "symbol": "OKLO",
      "upsert": {
        "account": {
          "connect": {
            "id": "aeec08d8-e163-4b20-b6ac-89b52fc2fd67",
          },
        },
        "acquiredDate": 2024-06-20T00:00:00.000Z,
        "asset": {
          "connect": {
            "symbol": "OKLO",
          },
        },
        "id": "c91dcf86-326a-451c-9d6e-8043247b0056",
        "portfolio": {
          "connect": {
            "id": "8f58fa62-ecb7-4b35-afcc-15121f80cbb5",
          },
        },
        "price": "10.08",
        "remainingQty": "2",
      },
    },
    {
      "accountId": "aeec08d8-e163-4b20-b6ac-89b52fc2fd67",
      "acquiredDate": 2024-06-24T00:00:00.000Z,
      "isNewBuy": false,
      "lotId": "1fe580d8-43b5-4745-8b6d-51a54d202fed",
      "price": "9.62",
      "quantity": "3",
      "quantityChange": "0",
      "quantityFinal": "3",
      "symbol": "OKLO",
      "upsert": {
        "account": {
          "connect": {
            "id": "aeec08d8-e163-4b20-b6ac-89b52fc2fd67",
          },
        },
        "acquiredDate": 2024-06-24T00:00:00.000Z,
        "asset": {
          "connect": {
            "symbol": "OKLO",
          },
        },
        "id": "1fe580d8-43b5-4745-8b6d-51a54d202fed",
        "portfolio": {
          "connect": {
            "id": "8f58fa62-ecb7-4b35-afcc-15121f80cbb5",
          },
        },
        "price": "9.62",
        "remainingQty": "3",
      },
    },
    {
      "accountId": "aeec08d8-e163-4b20-b6ac-89b52fc2fd67",
      "acquiredDate": 2024-06-26T00:00:00.000Z,
      "isNewBuy": false,
      "lotId": "9d82bccb-e330-4506-a403-e36ef1b4838c",
      "price": "9.4",
      "quantity": "2",
      "quantityChange": "0",
      "quantityFinal": "2",
      "symbol": "OKLO",
      "upsert": {
        "account": {
          "connect": {
            "id": "aeec08d8-e163-4b20-b6ac-89b52fc2fd67",
          },
        },
        "acquiredDate": 2024-06-26T00:00:00.000Z,
        "asset": {
          "connect": {
            "symbol": "OKLO",
          },
        },
        "id": "9d82bccb-e330-4506-a403-e36ef1b4838c",
        "portfolio": {
          "connect": {
            "id": "8f58fa62-ecb7-4b35-afcc-15121f80cbb5",
          },
        },
        "price": "9.4",
        "remainingQty": "2",
      },
    },
    {
      "accountId": "aeec08d8-e163-4b20-b6ac-89b52fc2fd67",
      "acquiredDate": 2025-04-30T00:00:00.000Z,
      "isNewBuy": false,
      "lotId": "ee3ae496-d125-4f3d-9dc5-1ebdcce1d2dc",
      "price": "9.75",
      "quantity": "6",
      "quantityChange": "0",
      "quantityFinal": "6",
      "symbol": "PK",
      "upsert": {
        "account": {
          "connect": {
            "id": "aeec08d8-e163-4b20-b6ac-89b52fc2fd67",
          },
        },
        "acquiredDate": 2025-04-30T00:00:00.000Z,
        "asset": {
          "connect": {
            "symbol": "PK",
          },
        },
        "id": "ee3ae496-d125-4f3d-9dc5-1ebdcce1d2dc",
        "portfolio": {
          "connect": {
            "id": "8f58fa62-ecb7-4b35-afcc-15121f80cbb5",
          },
        },
        "price": "9.75",
        "remainingQty": "6",
      },
    },
    {
      "accountId": "aeec08d8-e163-4b20-b6ac-89b52fc2fd67",
      "acquiredDate": 2025-08-18T00:00:00.000Z,
      "isNewBuy": false,
      "lotId": "7bfb3823-b94a-42c1-89de-b1abd18b2ced",
      "price": "11.0464",
      "quantity": "5",
      "quantityChange": "0",
      "quantityFinal": "5",
      "symbol": "PK",
      "upsert": {
        "account": {
          "connect": {
            "id": "aeec08d8-e163-4b20-b6ac-89b52fc2fd67",
          },
        },
        "acquiredDate": 2025-08-18T00:00:00.000Z,
        "asset": {
          "connect": {
            "symbol": "PK",
          },
        },
        "id": "7bfb3823-b94a-42c1-89de-b1abd18b2ced",
        "portfolio": {
          "connect": {
            "id": "8f58fa62-ecb7-4b35-afcc-15121f80cbb5",
          },
        },
        "price": "11.0464",
        "remainingQty": "5",
      },
    },
    {
      "accountId": "aeec08d8-e163-4b20-b6ac-89b52fc2fd67",
      "acquiredDate": 2025-08-12T00:00:00.000Z,
      "isNewBuy": false,
      "lotId": "e9130bc6-c893-4a2c-a2c7-e4e5a21d1929",
      "price": "10.4995",
      "quantity": "5",
      "quantityChange": "0",
      "quantityFinal": "5",
      "symbol": "PK",
      "upsert": {
        "account": {
          "connect": {
            "id": "aeec08d8-e163-4b20-b6ac-89b52fc2fd67",
          },
        },
        "acquiredDate": 2025-08-12T00:00:00.000Z,
        "asset": {
          "connect": {
            "symbol": "PK",
          },
        },
        "id": "e9130bc6-c893-4a2c-a2c7-e4e5a21d1929",
        "portfolio": {
          "connect": {
            "id": "8f58fa62-ecb7-4b35-afcc-15121f80cbb5",
          },
        },
        "price": "10.4995",
        "remainingQty": "5",
      },
    },
    {
      "accountId": "aeec08d8-e163-4b20-b6ac-89b52fc2fd67",
      "acquiredDate": 2024-05-23T00:00:00.000Z,
      "isNewBuy": false,
      "lotId": "11cb8951-d8c7-473e-9ceb-cd8c20a2c33d",
      "price": "78.99",
      "quantity": "1",
      "quantityChange": "0",
      "quantityFinal": "1",
      "symbol": "AZN",
      "upsert": {
        "account": {
          "connect": {
            "id": "aeec08d8-e163-4b20-b6ac-89b52fc2fd67",
          },
        },
        "acquiredDate": 2024-05-23T00:00:00.000Z,
        "asset": {
          "connect": {
            "symbol": "AZN",
          },
        },
        "id": "11cb8951-d8c7-473e-9ceb-cd8c20a2c33d",
        "portfolio": {
          "connect": {
            "id": "8f58fa62-ecb7-4b35-afcc-15121f80cbb5",
          },
        },
        "price": "78.99",
        "remainingQty": "1",
      },
    },
    {
      "accountId": "aeec08d8-e163-4b20-b6ac-89b52fc2fd67",
      "acquiredDate": 2024-06-20T00:00:00.000Z,
      "isNewBuy": false,
      "lotId": "3ab5bfbc-8c71-4f3a-a57b-41788ab8da6d",
      "price": "78.43",
      "quantity": "1",
      "quantityChange": "0",
      "quantityFinal": "1",
      "symbol": "AZN",
      "upsert": {
        "account": {
          "connect": {
            "id": "aeec08d8-e163-4b20-b6ac-89b52fc2fd67",
          },
        },
        "acquiredDate": 2024-06-20T00:00:00.000Z,
        "asset": {
          "connect": {
            "symbol": "AZN",
          },
        },
        "id": "3ab5bfbc-8c71-4f3a-a57b-41788ab8da6d",
        "portfolio": {
          "connect": {
            "id": "8f58fa62-ecb7-4b35-afcc-15121f80cbb5",
          },
        },
        "price": "78.43",
        "remainingQty": "1",
      },
    },
    {
      "accountId": "aeec08d8-e163-4b20-b6ac-89b52fc2fd67",
      "acquiredDate": 2025-04-30T00:00:00.000Z,
      "isNewBuy": false,
      "lotId": "52da6ed1-2f7d-4dda-bb84-d936fa54390f",
      "price": "71.55",
      "quantity": "1",
      "quantityChange": "0",
      "quantityFinal": "1",
      "symbol": "AZN",
      "upsert": {
        "account": {
          "connect": {
            "id": "aeec08d8-e163-4b20-b6ac-89b52fc2fd67",
          },
        },
        "acquiredDate": 2025-04-30T00:00:00.000Z,
        "asset": {
          "connect": {
            "symbol": "AZN",
          },
        },
        "id": "52da6ed1-2f7d-4dda-bb84-d936fa54390f",
        "portfolio": {
          "connect": {
            "id": "8f58fa62-ecb7-4b35-afcc-15121f80cbb5",
          },
        },
        "price": "71.55",
        "remainingQty": "1",
      },
    },
    {
      "accountId": "aeec08d8-e163-4b20-b6ac-89b52fc2fd67",
      "acquiredDate": 2024-06-25T00:00:00.000Z,
      "isNewBuy": false,
      "lotId": "df41bac8-94cb-4f6f-b422-988435cc0c0b",
      "price": "80.025",
      "quantity": "2",
      "quantityChange": "0",
      "quantityFinal": "2",
      "symbol": "AZN",
      "upsert": {
        "account": {
          "connect": {
            "id": "aeec08d8-e163-4b20-b6ac-89b52fc2fd67",
          },
        },
        "acquiredDate": 2024-06-25T00:00:00.000Z,
        "asset": {
          "connect": {
            "symbol": "AZN",
          },
        },
        "id": "df41bac8-94cb-4f6f-b422-988435cc0c0b",
        "portfolio": {
          "connect": {
            "id": "8f58fa62-ecb7-4b35-afcc-15121f80cbb5",
          },
        },
        "price": "80.025",
        "remainingQty": "2",
      },
    },
    {
      "accountId": "aeec08d8-e163-4b20-b6ac-89b52fc2fd67",
      "acquiredDate": 2024-05-23T00:00:00.000Z,
      "isNewBuy": false,
      "lotId": "93f4337c-8048-48c2-83ff-432873f62082",
      "price": "20.87",
      "quantity": "2",
      "quantityChange": "0",
      "quantityFinal": "2",
      "symbol": "PLTR",
      "upsert": {
        "account": {
          "connect": {
            "id": "aeec08d8-e163-4b20-b6ac-89b52fc2fd67",
          },
        },
        "acquiredDate": 2024-05-23T00:00:00.000Z,
        "asset": {
          "connect": {
            "symbol": "PLTR",
          },
        },
        "id": "93f4337c-8048-48c2-83ff-432873f62082",
        "portfolio": {
          "connect": {
            "id": "8f58fa62-ecb7-4b35-afcc-15121f80cbb5",
          },
        },
        "price": "20.87",
        "remainingQty": "2",
      },
    },
    {
      "accountId": "aeec08d8-e163-4b20-b6ac-89b52fc2fd67",
      "acquiredDate": 2024-05-23T00:00:00.000Z,
      "isNewBuy": false,
      "lotId": "bdd493a6-0899-4202-8b87-b8c5c9e97d3c",
      "price": "20.82",
      "quantity": "1",
      "quantityChange": "0",
      "quantityFinal": "1",
      "symbol": "PLTR",
      "upsert": {
        "account": {
          "connect": {
            "id": "aeec08d8-e163-4b20-b6ac-89b52fc2fd67",
          },
        },
        "acquiredDate": 2024-05-23T00:00:00.000Z,
        "asset": {
          "connect": {
            "symbol": "PLTR",
          },
        },
        "id": "bdd493a6-0899-4202-8b87-b8c5c9e97d3c",
        "portfolio": {
          "connect": {
            "id": "8f58fa62-ecb7-4b35-afcc-15121f80cbb5",
          },
        },
        "price": "20.82",
        "remainingQty": "1",
      },
    },
    {
      "accountId": "aeec08d8-e163-4b20-b6ac-89b52fc2fd67",
      "acquiredDate": 2024-06-20T00:00:00.000Z,
      "isNewBuy": false,
      "lotId": "90ce2644-2a63-4c49-81be-dc83873d6b38",
      "price": "26.44",
      "quantity": "2",
      "quantityChange": "0",
      "quantityFinal": "2",
      "symbol": "PLTR",
      "upsert": {
        "account": {
          "connect": {
            "id": "aeec08d8-e163-4b20-b6ac-89b52fc2fd67",
          },
        },
        "acquiredDate": 2024-06-20T00:00:00.000Z,
        "asset": {
          "connect": {
            "symbol": "PLTR",
          },
        },
        "id": "90ce2644-2a63-4c49-81be-dc83873d6b38",
        "portfolio": {
          "connect": {
            "id": "8f58fa62-ecb7-4b35-afcc-15121f80cbb5",
          },
        },
        "price": "26.44",
        "remainingQty": "2",
      },
    },
    {
      "accountId": "aeec08d8-e163-4b20-b6ac-89b52fc2fd67",
      "acquiredDate": 2024-06-26T00:00:00.000Z,
      "isNewBuy": false,
      "lotId": "682bbd97-ec71-4b3f-a9ce-7457b5f12e1b",
      "price": "24.46",
      "quantity": "3",
      "quantityChange": "0",
      "quantityFinal": "3",
      "symbol": "PLTR",
      "upsert": {
        "account": {
          "connect": {
            "id": "aeec08d8-e163-4b20-b6ac-89b52fc2fd67",
          },
        },
        "acquiredDate": 2024-06-26T00:00:00.000Z,
        "asset": {
          "connect": {
            "symbol": "PLTR",
          },
        },
        "id": "682bbd97-ec71-4b3f-a9ce-7457b5f12e1b",
        "portfolio": {
          "connect": {
            "id": "8f58fa62-ecb7-4b35-afcc-15121f80cbb5",
          },
        },
        "price": "24.46",
        "remainingQty": "3",
      },
    },
    {
      "accountId": "aeec08d8-e163-4b20-b6ac-89b52fc2fd67",
      "acquiredDate": 2025-04-17T00:00:00.000Z,
      "isNewBuy": false,
      "lotId": "8952a9dd-c61c-43e7-86ed-07f980089e20",
      "price": "16.015",
      "quantity": "4",
      "quantityChange": "0",
      "quantityFinal": "4",
      "symbol": "QYLD",
      "upsert": {
        "account": {
          "connect": {
            "id": "aeec08d8-e163-4b20-b6ac-89b52fc2fd67",
          },
        },
        "acquiredDate": 2025-04-17T00:00:00.000Z,
        "asset": {
          "connect": {
            "symbol": "QYLD",
          },
        },
        "id": "8952a9dd-c61c-43e7-86ed-07f980089e20",
        "portfolio": {
          "connect": {
            "id": "8f58fa62-ecb7-4b35-afcc-15121f80cbb5",
          },
        },
        "price": "16.015",
        "remainingQty": "4",
      },
    },
    {
      "accountId": "aeec08d8-e163-4b20-b6ac-89b52fc2fd67",
      "acquiredDate": 2024-05-25T00:00:00.000Z,
      "isNewBuy": false,
      "lotId": "0b86491b-cfbd-4151-9c81-adacf53cda62",
      "price": "17.53",
      "quantity": "1",
      "quantityChange": "0",
      "quantityFinal": "1",
      "symbol": "QYLD",
      "upsert": {
        "account": {
          "connect": {
            "id": "aeec08d8-e163-4b20-b6ac-89b52fc2fd67",
          },
        },
        "acquiredDate": 2024-05-25T00:00:00.000Z,
        "asset": {
          "connect": {
            "symbol": "QYLD",
          },
        },
        "id": "0b86491b-cfbd-4151-9c81-adacf53cda62",
        "portfolio": {
          "connect": {
            "id": "8f58fa62-ecb7-4b35-afcc-15121f80cbb5",
          },
        },
        "price": "17.53",
        "remainingQty": "1",
      },
    },
    {
      "accountId": "aeec08d8-e163-4b20-b6ac-89b52fc2fd67",
      "acquiredDate": 2025-05-01T00:00:00.000Z,
      "isNewBuy": false,
      "lotId": "1a641fd8-b1f9-4899-89ac-c92b09084ff3",
      "price": "16.34",
      "quantity": "4",
      "quantityChange": "0",
      "quantityFinal": "4",
      "symbol": "QYLD",
      "upsert": {
        "account": {
          "connect": {
            "id": "aeec08d8-e163-4b20-b6ac-89b52fc2fd67",
          },
        },
        "acquiredDate": 2025-05-01T00:00:00.000Z,
        "asset": {
          "connect": {
            "symbol": "QYLD",
          },
        },
        "id": "1a641fd8-b1f9-4899-89ac-c92b09084ff3",
        "portfolio": {
          "connect": {
            "id": "8f58fa62-ecb7-4b35-afcc-15121f80cbb5",
          },
        },
        "price": "16.34",
        "remainingQty": "4",
      },
    },
    {
      "accountId": "aeec08d8-e163-4b20-b6ac-89b52fc2fd67",
      "acquiredDate": 2025-04-30T00:00:00.000Z,
      "isNewBuy": false,
      "lotId": "22637443-30e3-4505-bba5-2626d47b163e",
      "price": "7.737",
      "quantity": "10",
      "quantityChange": "0",
      "quantityFinal": "10",
      "symbol": "SNAP",
      "upsert": {
        "account": {
          "connect": {
            "id": "aeec08d8-e163-4b20-b6ac-89b52fc2fd67",
          },
        },
        "acquiredDate": 2025-04-30T00:00:00.000Z,
        "asset": {
          "connect": {
            "symbol": "SNAP",
          },
        },
        "id": "22637443-30e3-4505-bba5-2626d47b163e",
        "portfolio": {
          "connect": {
            "id": "8f58fa62-ecb7-4b35-afcc-15121f80cbb5",
          },
        },
        "price": "7.737",
        "remainingQty": "10",
      },
    },
    {
      "accountId": "aeec08d8-e163-4b20-b6ac-89b52fc2fd67",
      "acquiredDate": 2025-08-12T00:00:00.000Z,
      "isNewBuy": false,
      "lotId": "483115d1-3f23-424e-9af4-6461bc48cccb",
      "price": "7.255",
      "quantity": "10",
      "quantityChange": "0",
      "quantityFinal": "10",
      "symbol": "SNAP",
      "upsert": {
        "account": {
          "connect": {
            "id": "aeec08d8-e163-4b20-b6ac-89b52fc2fd67",
          },
        },
        "acquiredDate": 2025-08-12T00:00:00.000Z,
        "asset": {
          "connect": {
            "symbol": "SNAP",
          },
        },
        "id": "483115d1-3f23-424e-9af4-6461bc48cccb",
        "portfolio": {
          "connect": {
            "id": "8f58fa62-ecb7-4b35-afcc-15121f80cbb5",
          },
        },
        "price": "7.255",
        "remainingQty": "10",
      },
    },
    {
      "accountId": "aeec08d8-e163-4b20-b6ac-89b52fc2fd67",
      "acquiredDate": 2025-08-22T00:00:00.000Z,
      "isNewBuy": false,
      "lotId": "ffc66241-6721-4d51-aad6-ec578dbbef3a",
      "price": "6.5792",
      "quantity": "5",
      "quantityChange": "0",
      "quantityFinal": "5",
      "symbol": "MFG",
      "upsert": {
        "account": {
          "connect": {
            "id": "aeec08d8-e163-4b20-b6ac-89b52fc2fd67",
          },
        },
        "acquiredDate": 2025-08-22T00:00:00.000Z,
        "asset": {
          "connect": {
            "symbol": "MFG",
          },
        },
        "id": "ffc66241-6721-4d51-aad6-ec578dbbef3a",
        "portfolio": {
          "connect": {
            "id": "8f58fa62-ecb7-4b35-afcc-15121f80cbb5",
          },
        },
        "price": "6.5792",
        "remainingQty": "5",
      },
    },
    {
      "accountId": "aeec08d8-e163-4b20-b6ac-89b52fc2fd67",
      "acquiredDate": 2025-08-18T00:00:00.000Z,
      "isNewBuy": false,
      "lotId": "a5ffa61c-b331-49db-b07f-f4120be79617",
      "price": "6.6092",
      "quantity": "10",
      "quantityChange": "0",
      "quantityFinal": "10",
      "symbol": "MFG",
      "upsert": {
        "account": {
          "connect": {
            "id": "aeec08d8-e163-4b20-b6ac-89b52fc2fd67",
          },
        },
        "acquiredDate": 2025-08-18T00:00:00.000Z,
        "asset": {
          "connect": {
            "symbol": "MFG",
          },
        },
        "id": "a5ffa61c-b331-49db-b07f-f4120be79617",
        "portfolio": {
          "connect": {
            "id": "8f58fa62-ecb7-4b35-afcc-15121f80cbb5",
          },
        },
        "price": "6.6092",
        "remainingQty": "10",
      },
    },
    {
      "accountId": "aeec08d8-e163-4b20-b6ac-89b52fc2fd67",
      "acquiredDate": 2025-08-22T00:00:00.000Z,
      "isNewBuy": false,
      "lotId": "f6082933-a4ba-48cb-a394-b9e188cd2e69",
      "price": "7.8891",
      "quantity": "4",
      "quantityChange": "0",
      "quantityFinal": "4",
      "symbol": "HL",
      "upsert": {
        "account": {
          "connect": {
            "id": "aeec08d8-e163-4b20-b6ac-89b52fc2fd67",
          },
        },
        "acquiredDate": 2025-08-22T00:00:00.000Z,
        "asset": {
          "connect": {
            "symbol": "HL",
          },
        },
        "id": "f6082933-a4ba-48cb-a394-b9e188cd2e69",
        "portfolio": {
          "connect": {
            "id": "8f58fa62-ecb7-4b35-afcc-15121f80cbb5",
          },
        },
        "price": "7.8891",
        "remainingQty": "4",
      },
    },
    {
      "accountId": "aeec08d8-e163-4b20-b6ac-89b52fc2fd67",
      "acquiredDate": 2025-08-18T00:00:00.000Z,
      "isNewBuy": false,
      "lotId": "8d53a81f-9591-480b-8d53-9b15649a54b4",
      "price": "7.7159",
      "quantity": "5",
      "quantityChange": "0",
      "quantityFinal": "5",
      "symbol": "HL",
      "upsert": {
        "account": {
          "connect": {
            "id": "aeec08d8-e163-4b20-b6ac-89b52fc2fd67",
          },
        },
        "acquiredDate": 2025-08-18T00:00:00.000Z,
        "asset": {
          "connect": {
            "symbol": "HL",
          },
        },
        "id": "8d53a81f-9591-480b-8d53-9b15649a54b4",
        "portfolio": {
          "connect": {
            "id": "8f58fa62-ecb7-4b35-afcc-15121f80cbb5",
          },
        },
        "price": "7.7159",
        "remainingQty": "5",
      },
    },
    {
      "accountId": "aeec08d8-e163-4b20-b6ac-89b52fc2fd67",
      "acquiredDate": 2025-08-07T00:00:00.000Z,
      "isNewBuy": false,
      "lotId": "ab370d2a-b567-40e7-aee9-c167cd223ddf",
      "price": "7.1392",
      "quantity": "5",
      "quantityChange": "0",
      "quantityFinal": "5",
      "symbol": "HL",
      "upsert": {
        "account": {
          "connect": {
            "id": "aeec08d8-e163-4b20-b6ac-89b52fc2fd67",
          },
        },
        "acquiredDate": 2025-08-07T00:00:00.000Z,
        "asset": {
          "connect": {
            "symbol": "HL",
          },
        },
        "id": "ab370d2a-b567-40e7-aee9-c167cd223ddf",
        "portfolio": {
          "connect": {
            "id": "8f58fa62-ecb7-4b35-afcc-15121f80cbb5",
          },
        },
        "price": "7.1392",
        "remainingQty": "5",
      },
    },
    {
      "accountId": "aeec08d8-e163-4b20-b6ac-89b52fc2fd67",
      "acquiredDate": 2025-08-22T00:00:00.000Z,
      "isNewBuy": false,
      "lotId": "8dec9181-be32-469d-bec3-8561d1c69897",
      "price": "7.813",
      "quantity": "1",
      "quantityChange": "0",
      "quantityFinal": "1",
      "symbol": "JBIO",
      "upsert": {
        "account": {
          "connect": {
            "id": "aeec08d8-e163-4b20-b6ac-89b52fc2fd67",
          },
        },
        "acquiredDate": 2025-08-22T00:00:00.000Z,
        "asset": {
          "connect": {
            "symbol": "JBIO",
          },
        },
        "id": "8dec9181-be32-469d-bec3-8561d1c69897",
        "portfolio": {
          "connect": {
            "id": "8f58fa62-ecb7-4b35-afcc-15121f80cbb5",
          },
        },
        "price": "7.813",
        "remainingQty": "1",
      },
    },
    {
      "accountId": "aeec08d8-e163-4b20-b6ac-89b52fc2fd67",
      "acquiredDate": 2025-08-18T00:00:00.000Z,
      "isNewBuy": false,
      "lotId": "0a9b1c57-e218-4210-a35b-b27b9f7a1809",
      "price": "7.375",
      "quantity": "5",
      "quantityChange": "0",
      "quantityFinal": "5",
      "symbol": "JBIO",
      "upsert": {
        "account": {
          "connect": {
            "id": "aeec08d8-e163-4b20-b6ac-89b52fc2fd67",
          },
        },
        "acquiredDate": 2025-08-18T00:00:00.000Z,
        "asset": {
          "connect": {
            "symbol": "JBIO",
          },
        },
        "id": "0a9b1c57-e218-4210-a35b-b27b9f7a1809",
        "portfolio": {
          "connect": {
            "id": "8f58fa62-ecb7-4b35-afcc-15121f80cbb5",
          },
        },
        "price": "7.375",
        "remainingQty": "5",
      },
    },
    {
      "accountId": "aeec08d8-e163-4b20-b6ac-89b52fc2fd67",
      "acquiredDate": 2025-08-11T00:00:00.000Z,
      "isNewBuy": false,
      "lotId": "d978c815-d545-4a73-826b-d78bf5258ad7",
      "price": "7.645",
      "quantity": "10",
      "quantityChange": "0",
      "quantityFinal": "10",
      "symbol": "JBIO",
      "upsert": {
        "account": {
          "connect": {
            "id": "aeec08d8-e163-4b20-b6ac-89b52fc2fd67",
          },
        },
        "acquiredDate": 2025-08-11T00:00:00.000Z,
        "asset": {
          "connect": {
            "symbol": "JBIO",
          },
        },
        "id": "d978c815-d545-4a73-826b-d78bf5258ad7",
        "portfolio": {
          "connect": {
            "id": "8f58fa62-ecb7-4b35-afcc-15121f80cbb5",
          },
        },
        "price": "7.645",
        "remainingQty": "10",
      },
    },
  ],
  "newBuysCount": 32,
  "newSellsCount": 13,
  "newTransactionsCount": 47,
  "realizedProfitAndLossLongTerm": "0",
  "realizedProfitAndLossShortTerm": "-2299.3344",
}
`;
