// Vitest Snapshot v1, https://vitest.dev/guide/snapshot.html

exports[`csvService > etradeTransformCSVRecords > should transform valid etrade lot records with dates (no timezone) 1`] = `
[
  {
    "acquiredDate": "2014-09-03T19:00:00.000Z",
    "assetSymbol": "AAPL",
    "price": "25.0000",
    "remainingQty": "19.3860",
  },
  {
    "acquiredDate": "2014-09-04T19:00:00.000Z",
    "assetSymbol": "AAPL",
    "price": "24.4994",
    "remainingQty": "40.0010",
  },
  {
    "acquiredDate": "2019-08-15T19:00:00.000Z",
    "assetSymbol": "AAPL",
    "price": "50.8811",
    "remainingQty": "0.2270",
  },
  {
    "acquiredDate": "2019-11-14T20:00:00.000Z",
    "assetSymbol": "AAPL",
    "price": "66.2286",
    "remainingQty": "0.1750",
  },
  {
    "acquiredDate": "2020-02-13T20:00:00.000Z",
    "assetSymbol": "AAPL",
    "price": "81.3287",
    "remainingQty": "0.1430",
  },
  {
    "acquiredDate": "2020-05-14T19:00:00.000Z",
    "assetSymbol": "AAPL",
    "price": "75.6707",
    "remainingQty": "0.1640",
  },
  {
    "acquiredDate": "2020-08-13T19:00:00.000Z",
    "assetSymbol": "AAPL",
    "price": "114.2202",
    "remainingQty": "0.1090",
  },
  {
    "acquiredDate": "2020-09-01T19:00:00.000Z",
    "assetSymbol": "AAPL",
    "price": "132.0880",
    "remainingQty": "5.0000",
  },
  {
    "acquiredDate": "2020-11-12T20:00:00.000Z",
    "assetSymbol": "AAPL",
    "price": "119.3750",
    "remainingQty": "0.1120",
  },
  {
    "acquiredDate": "2020-11-19T20:00:00.000Z",
    "assetSymbol": "AAPL",
    "price": "118.3300",
    "remainingQty": "1.0000",
  },
  {
    "acquiredDate": "2021-01-06T20:00:00.000Z",
    "assetSymbol": "AAPL",
    "price": "130.5900",
    "remainingQty": "5.0000",
  },
  {
    "acquiredDate": "2021-02-11T20:00:00.000Z",
    "assetSymbol": "AAPL",
    "price": "135.3704",
    "remainingQty": "0.1080",
  },
  {
    "acquiredDate": "2021-05-13T19:00:00.000Z",
    "assetSymbol": "AAPL",
    "price": "124.6825",
    "remainingQty": "0.1260",
  },
  {
    "acquiredDate": "2021-08-12T19:00:00.000Z",
    "assetSymbol": "AAPL",
    "price": "147.1028",
    "remainingQty": "0.1070",
  },
  {
    "acquiredDate": "2021-11-11T20:00:00.000Z",
    "assetSymbol": "AAPL",
    "price": "148.6792",
    "remainingQty": "0.1060",
  },
  {
    "acquiredDate": "2022-02-10T20:00:00.000Z",
    "assetSymbol": "AAPL",
    "price": "173.5165",
    "remainingQty": "0.0910",
  },
  {
    "acquiredDate": "2022-05-12T19:00:00.000Z",
    "assetSymbol": "AAPL",
    "price": "142.5000",
    "remainingQty": "0.1160",
  },
  {
    "acquiredDate": "2022-08-11T19:00:00.000Z",
    "assetSymbol": "AAPL",
    "price": "170.6186",
    "remainingQty": "0.0970",
  },
  {
    "acquiredDate": "2022-10-20T19:00:00.000Z",
    "assetSymbol": "AAPL",
    "price": "145.3080",
    "remainingQty": "5.0000",
  },
  {
    "acquiredDate": "2022-11-10T20:00:00.000Z",
    "assetSymbol": "AAPL",
    "price": "142.9839",
    "remainingQty": "0.1240",
  },
  {
    "acquiredDate": "2023-02-16T20:00:00.000Z",
    "assetSymbol": "AAPL",
    "price": "154.3478",
    "remainingQty": "0.1150",
  },
  {
    "acquiredDate": "2023-05-18T19:00:00.000Z",
    "assetSymbol": "AAPL",
    "price": "173.3645",
    "remainingQty": "0.1070",
  },
  {
    "acquiredDate": "2023-08-17T19:00:00.000Z",
    "assetSymbol": "AAPL",
    "price": "175.2830",
    "remainingQty": "0.1060",
  },
  {
    "acquiredDate": "2023-08-21T19:00:00.000Z",
    "assetSymbol": "AAPL",
    "price": "174.5380",
    "remainingQty": "5.0000",
  },
  {
    "acquiredDate": "2023-11-16T20:00:00.000Z",
    "assetSymbol": "AAPL",
    "price": "188.5714",
    "remainingQty": "0.1050",
  },
  {
    "acquiredDate": "2024-02-02T20:00:00.000Z",
    "assetSymbol": "AAPL",
    "price": "182.5450",
    "remainingQty": "4.0000",
  },
  {
    "acquiredDate": "2024-02-15T20:00:00.000Z",
    "assetSymbol": "AAPL",
    "price": "182.3684",
    "remainingQty": "0.1140",
  },
  {
    "acquiredDate": "2024-05-16T19:00:00.000Z",
    "assetSymbol": "AAPL",
    "price": "188.5217",
    "remainingQty": "0.1150",
  },
  {
    "acquiredDate": "2024-08-15T19:00:00.000Z",
    "assetSymbol": "AAPL",
    "price": "221.5306",
    "remainingQty": "0.0980",
  },
  {
    "acquiredDate": "2024-09-03T19:00:00.000Z",
    "assetSymbol": "ABNB",
    "price": "115.9500",
    "remainingQty": "9.0000",
  },
  {
    "acquiredDate": "2022-09-15T19:00:00.000Z",
    "assetSymbol": "ADBE",
    "price": "322.1500",
    "remainingQty": "1.0000",
  },
  {
    "acquiredDate": "2022-09-15T19:00:00.000Z",
    "assetSymbol": "ADBE",
    "price": "322.1900",
    "remainingQty": "14.0000",
  },
  {
    "acquiredDate": "2022-09-15T19:00:00.000Z",
    "assetSymbol": "ADBE",
    "price": "321.2225",
    "remainingQty": "4.0000",
  },
  {
    "acquiredDate": "2022-10-31T19:00:00.000Z",
    "assetSymbol": "ADBE",
    "price": "319.6850",
    "remainingQty": "2.0000",
  },
  {
    "acquiredDate": "2022-11-03T19:00:00.000Z",
    "assetSymbol": "ADBE",
    "price": "295.0000",
    "remainingQty": "8.0000",
  },
  {
    "acquiredDate": "2022-11-08T20:00:00.000Z",
    "assetSymbol": "ADBE",
    "price": "307.5600",
    "remainingQty": "2.0000",
  },
  {
    "acquiredDate": "2022-11-23T20:00:00.000Z",
    "assetSymbol": "AXP",
    "price": "154.5500",
    "remainingQty": "2.0000",
  },
  {
    "acquiredDate": "2022-12-14T20:00:00.000Z",
    "assetSymbol": "AXP",
    "price": "157.5700",
    "remainingQty": "20.0000",
  },
  {
    "acquiredDate": "2022-12-16T20:00:00.000Z",
    "assetSymbol": "AXP",
    "price": "145.3800",
    "remainingQty": "5.0000",
  },
  {
    "acquiredDate": "2022-12-16T20:00:00.000Z",
    "assetSymbol": "AXP",
    "price": "145.4600",
    "remainingQty": "8.0000",
  },
  {
    "acquiredDate": "2023-02-10T20:00:00.000Z",
    "assetSymbol": "AXP",
    "price": "176.6990",
    "remainingQty": "0.1030",
  },
  {
    "acquiredDate": "2023-05-10T19:00:00.000Z",
    "assetSymbol": "AXP",
    "price": "151.5108",
    "remainingQty": "0.1390",
  },
  {
    "acquiredDate": "2023-08-10T19:00:00.000Z",
    "assetSymbol": "AXP",
    "price": "166.4567",
    "remainingQty": "0.1270",
  },
  {
    "acquiredDate": "2023-11-02T19:00:00.000Z",
    "assetSymbol": "AXP",
    "price": "149.4800",
    "remainingQty": "10.0000",
  },
  {
    "acquiredDate": "2023-11-10T20:00:00.000Z",
    "assetSymbol": "AXP",
    "price": "152.6619",
    "remainingQty": "0.1390",
  },
  {
    "acquiredDate": "2024-02-09T20:00:00.000Z",
    "assetSymbol": "AXP",
    "price": "210.0000",
    "remainingQty": "0.1300",
  },
  {
    "acquiredDate": "2024-05-10T19:00:00.000Z",
    "assetSymbol": "AXP",
    "price": "236.6667",
    "remainingQty": "0.1350",
  },
  {
    "acquiredDate": "2024-08-09T19:00:00.000Z",
    "assetSymbol": "AXP",
    "price": "232.1739",
    "remainingQty": "0.1380",
  },
  {
    "acquiredDate": "2024-06-06T19:00:00.000Z",
    "assetSymbol": "CAVA",
    "price": "86.4700",
    "remainingQty": "27.0000",
  },
  {
    "acquiredDate": "2024-07-16T19:00:00.000Z",
    "assetSymbol": "CAVA",
    "price": "86.2900",
    "remainingQty": "9.0000",
  },
  {
    "acquiredDate": "2024-07-18T19:00:00.000Z",
    "assetSymbol": "CAVA",
    "price": "79.2480",
    "remainingQty": "15.0000",
  },
  {
    "acquiredDate": "2021-10-13T19:00:00.000Z",
    "assetSymbol": "COIN",
    "price": "246.6600",
    "remainingQty": "4.0000",
  },
  {
    "acquiredDate": "2021-11-10T20:00:00.000Z",
    "assetSymbol": "COIN",
    "price": "333.2200",
    "remainingQty": "3.0000",
  },
  {
    "acquiredDate": "2021-11-10T20:00:00.000Z",
    "assetSymbol": "COIN",
    "price": "333.2850",
    "remainingQty": "2.0000",
  },
  {
    "acquiredDate": "2022-10-28T19:00:00.000Z",
    "assetSymbol": "COIN",
    "price": "72.0893",
    "remainingQty": "15.0000",
  },
  {
    "acquiredDate": "2024-09-30T19:00:00.000Z",
    "assetSymbol": "COIN",
    "price": "181.9750",
    "remainingQty": "12.0000",
  },
  {
    "acquiredDate": "2022-12-07T20:00:00.000Z",
    "assetSymbol": "CRWD",
    "price": "112.1500",
    "remainingQty": "10.0000",
  },
  {
    "acquiredDate": "2022-12-16T20:00:00.000Z",
    "assetSymbol": "CRWD",
    "price": "111.0500",
    "remainingQty": "10.0000",
  },
  {
    "acquiredDate": "2022-12-20T20:00:00.000Z",
    "assetSymbol": "CRWD",
    "price": "106.6900",
    "remainingQty": "5.0000",
  },
  {
    "acquiredDate": "2022-12-21T20:00:00.000Z",
    "assetSymbol": "CRWD",
    "price": "107.9900",
    "remainingQty": "2.0000",
  },
  {
    "acquiredDate": "2024-07-19T19:00:00.000Z",
    "assetSymbol": "CRWD",
    "price": "312.7450",
    "remainingQty": "2.0000",
  },
  {
    "acquiredDate": "2024-08-06T19:00:00.000Z",
    "assetSymbol": "CRWD",
    "price": "230.9600",
    "remainingQty": "2.0000",
  },
  {
    "acquiredDate": "2024-06-05T19:00:00.000Z",
    "assetSymbol": "GOOG",
    "price": "177.4800",
    "remainingQty": "5.0000",
  },
  {
    "acquiredDate": "2024-06-17T19:00:00.000Z",
    "assetSymbol": "GOOG",
    "price": "166.6667",
    "remainingQty": "0.0060",
  },
  {
    "acquiredDate": "2024-07-01T19:00:00.000Z",
    "assetSymbol": "GOOG",
    "price": "184.1650",
    "remainingQty": "2.0000",
  },
  {
    "acquiredDate": "2024-09-09T19:00:00.000Z",
    "assetSymbol": "GOOG",
    "price": "149.7767",
    "remainingQty": "3.0000",
  },
  {
    "acquiredDate": "2024-09-16T19:00:00.000Z",
    "assetSymbol": "GOOG",
    "price": "155.5556",
    "remainingQty": "0.0090",
  },
  {
    "acquiredDate": "2024-10-08T19:00:00.000Z",
    "assetSymbol": "GOOG",
    "price": "164.8800",
    "remainingQty": "3.0000",
  },
  {
    "acquiredDate": "2024-09-23T19:00:00.000Z",
    "assetSymbol": "IVW",
    "price": "95.1567",
    "remainingQty": "3.0000",
  },
  {
    "acquiredDate": "2024-09-30T19:00:00.000Z",
    "assetSymbol": "IVW",
    "price": "88.0000",
    "remainingQty": "0.0050",
  },
  {
    "acquiredDate": "2024-09-30T19:00:00.000Z",
    "assetSymbol": "IVW",
    "price": "95.4400",
    "remainingQty": "3.0000",
  },
  {
    "acquiredDate": "2024-10-08T19:00:00.000Z",
    "assetSymbol": "IVW",
    "price": "95.7760",
    "remainingQty": "5.0000",
  },
  {
    "acquiredDate": "2024-10-08T19:00:00.000Z",
    "assetSymbol": "IVW",
    "price": "95.7600",
    "remainingQty": "2.0000",
  },
  {
    "acquiredDate": "2022-12-07T20:00:00.000Z",
    "assetSymbol": "NVDA",
    "price": "15.8986",
    "remainingQty": "90.0000",
  },
  {
    "acquiredDate": "2022-12-16T20:00:00.000Z",
    "assetSymbol": "NVDA",
    "price": "16.5370",
    "remainingQty": "50.0000",
  },
  {
    "acquiredDate": "2022-12-20T20:00:00.000Z",
    "assetSymbol": "NVDA",
    "price": "15.8990",
    "remainingQty": "50.0000",
  },
  {
    "acquiredDate": "2023-03-29T19:00:00.000Z",
    "assetSymbol": "NVDA",
    "price": "25.3333",
    "remainingQty": "0.0300",
  },
  {
    "acquiredDate": "2023-06-30T19:00:00.000Z",
    "assetSymbol": "NVDA",
    "price": "38.0000",
    "remainingQty": "0.0200",
  },
  {
    "acquiredDate": "2023-09-28T19:00:00.000Z",
    "assetSymbol": "NVDA",
    "price": "38.0000",
    "remainingQty": "0.0200",
  },
  {
    "acquiredDate": "2023-12-28T20:00:00.000Z",
    "assetSymbol": "NVDA",
    "price": "38.0000",
    "remainingQty": "0.0200",
  },
  {
    "acquiredDate": "2024-03-27T19:00:00.000Z",
    "assetSymbol": "NVDA",
    "price": "76.0000",
    "remainingQty": "0.0100",
  },
  {
    "acquiredDate": "2024-06-28T19:00:00.000Z",
    "assetSymbol": "NVDA",
    "price": "118.7500",
    "remainingQty": "0.0160",
  },
  {
    "acquiredDate": "2024-10-03T19:00:00.000Z",
    "assetSymbol": "NVDA",
    "price": "118.7500",
    "remainingQty": "0.0160",
  },
  {
    "acquiredDate": "2024-04-15T19:00:00.000Z",
    "assetSymbol": "NVO",
    "price": "125.4800",
    "remainingQty": "11.0000",
  },
  {
    "acquiredDate": "2024-07-18T19:00:00.000Z",
    "assetSymbol": "NVO",
    "price": "129.0000",
    "remainingQty": "3.0000",
  },
  {
    "acquiredDate": "2024-08-26T19:00:00.000Z",
    "assetSymbol": "NVO",
    "price": "135.3846",
    "remainingQty": "0.0390",
  },
  {
    "acquiredDate": "2024-08-06T19:00:00.000Z",
    "assetSymbol": "QQQ",
    "price": "444.4533",
    "remainingQty": "3.0000",
  },
  {
    "acquiredDate": "2019-09-26T19:00:00.000Z",
    "assetSymbol": "SHOP",
    "price": "30.5415",
    "remainingQty": "60.0000",
  },
  {
    "acquiredDate": "2020-03-06T20:00:00.000Z",
    "assetSymbol": "SHOP",
    "price": "46.0000",
    "remainingQty": "100.0000",
  },
  {
    "acquiredDate": "2020-09-02T19:00:00.000Z",
    "assetSymbol": "SHOP",
    "price": "107.3600",
    "remainingQty": "20.0000",
  },
  {
    "acquiredDate": "2020-09-03T19:00:00.000Z",
    "assetSymbol": "SHOP",
    "price": "101.5960",
    "remainingQty": "20.0000",
  },
  {
    "acquiredDate": "2021-08-23T19:00:00.000Z",
    "assetSymbol": "SHOP",
    "price": "147.6250",
    "remainingQty": "10.0000",
  },
  {
    "acquiredDate": "2022-09-30T19:00:00.000Z",
    "assetSymbol": "SHOP",
    "price": "27.3583",
    "remainingQty": "6.0000",
  },
  {
    "acquiredDate": "2024-04-15T19:00:00.000Z",
    "assetSymbol": "SHOP",
    "price": "69.5500",
    "remainingQty": "2.0000",
  },
  {
    "acquiredDate": "2024-05-06T19:00:00.000Z",
    "assetSymbol": "SHOP",
    "price": "74.9900",
    "remainingQty": "1.0000",
  },
  {
    "acquiredDate": "2024-05-08T19:00:00.000Z",
    "assetSymbol": "SHOP",
    "price": "61.7991",
    "remainingQty": "23.0000",
  },
  {
    "acquiredDate": "2024-05-14T19:00:00.000Z",
    "assetSymbol": "SHOP",
    "price": "57.4463",
    "remainingQty": "30.0000",
  },
  {
    "acquiredDate": "2024-06-05T19:00:00.000Z",
    "assetSymbol": "SHOP",
    "price": "60.6280",
    "remainingQty": "10.0000",
  },
  {
    "acquiredDate": "2022-09-30T19:00:00.000Z",
    "assetSymbol": "SPY",
    "price": "362.0695",
    "remainingQty": "23.0010",
  },
  {
    "acquiredDate": "2022-10-31T19:00:00.000Z",
    "assetSymbol": "SPY",
    "price": "387.4700",
    "remainingQty": "4.0000",
  },
  {
    "acquiredDate": "2022-12-14T20:00:00.000Z",
    "assetSymbol": "SPY",
    "price": "404.3267",
    "remainingQty": "3.0000",
  },
  {
    "acquiredDate": "2022-12-16T20:00:00.000Z",
    "assetSymbol": "SPY",
    "price": "382.6167",
    "remainingQty": "3.0000",
  },
  {
    "acquiredDate": "2022-12-20T20:00:00.000Z",
    "assetSymbol": "SPY",
    "price": "378.2100",
    "remainingQty": "20.0000",
  },
  {
    "acquiredDate": "2023-01-31T20:00:00.000Z",
    "assetSymbol": "SPY",
    "price": "401.8045",
    "remainingQty": "0.1330",
  },
  {
    "acquiredDate": "2023-02-08T20:00:00.000Z",
    "assetSymbol": "SPY",
    "price": "412.7200",
    "remainingQty": "2.0000",
  },
  {
    "acquiredDate": "2023-04-28T19:00:00.000Z",
    "assetSymbol": "SPY",
    "price": "415.2000",
    "remainingQty": "0.2000",
  },
  {
    "acquiredDate": "2023-07-31T19:00:00.000Z",
    "assetSymbol": "SPY",
    "price": "457.8788",
    "remainingQty": "0.1980",
  },
  {
    "acquiredDate": "2023-09-01T19:00:00.000Z",
    "assetSymbol": "SPY",
    "price": "452.7600",
    "remainingQty": "3.0000",
  },
  {
    "acquiredDate": "2023-09-13T19:00:00.000Z",
    "assetSymbol": "SPY",
    "price": "447.1300",
    "remainingQty": "1.0000",
  },
  {
    "acquiredDate": "2023-10-31T19:00:00.000Z",
    "assetSymbol": "SPY",
    "price": "411.5721",
    "remainingQty": "0.2290",
  },
  {
    "acquiredDate": "2024-01-31T20:00:00.000Z",
    "assetSymbol": "SPY",
    "price": "488.8841",
    "remainingQty": "0.2330",
  },
  {
    "acquiredDate": "2024-04-30T19:00:00.000Z",
    "assetSymbol": "SPY",
    "price": "508.9894",
    "remainingQty": "0.1880",
  },
  {
    "acquiredDate": "2024-05-06T19:00:00.000Z",
    "assetSymbol": "SPY",
    "price": "514.1750",
    "remainingQty": "2.0000",
  },
  {
    "acquiredDate": "2024-05-24T19:00:00.000Z",
    "assetSymbol": "SPY",
    "price": "528.2150",
    "remainingQty": "2.0000",
  },
  {
    "acquiredDate": "2024-06-05T19:00:00.000Z",
    "assetSymbol": "SPY",
    "price": "529.4350",
    "remainingQty": "2.0000",
  },
  {
    "acquiredDate": "2024-07-01T19:00:00.000Z",
    "assetSymbol": "SPY",
    "price": "545.0500",
    "remainingQty": "1.0000",
  },
  {
    "acquiredDate": "2024-07-31T19:00:00.000Z",
    "assetSymbol": "SPY",
    "price": "544.0187",
    "remainingQty": "0.2140",
  },
  {
    "acquiredDate": "2024-10-08T19:00:00.000Z",
    "assetSymbol": "SPY",
    "price": "571.6800",
    "remainingQty": "1.0000",
  },
  {
    "acquiredDate": "2018-10-11T19:00:00.000Z",
    "assetSymbol": "SQ",
    "price": "70.8867",
    "remainingQty": "6.0000",
  },
  {
    "acquiredDate": "2019-09-09T19:00:00.000Z",
    "assetSymbol": "SQ",
    "price": "62.6850",
    "remainingQty": "4.0000",
  },
  {
    "acquiredDate": "2022-12-16T20:00:00.000Z",
    "assetSymbol": "SQ",
    "price": "61.0000",
    "remainingQty": "70.0000",
  },
  {
    "acquiredDate": "2022-12-20T20:00:00.000Z",
    "assetSymbol": "SQ",
    "price": "59.2170",
    "remainingQty": "10.0000",
  },
  {
    "acquiredDate": "2023-02-09T20:00:00.000Z",
    "assetSymbol": "SQ",
    "price": "80.7060",
    "remainingQty": "5.0000",
  },
  {
    "acquiredDate": "2023-02-13T20:00:00.000Z",
    "assetSymbol": "SQ",
    "price": "76.5400",
    "remainingQty": "2.0000",
  },
  {
    "acquiredDate": "2023-03-10T20:00:00.000Z",
    "assetSymbol": "SQ",
    "price": "70.6200",
    "remainingQty": "12.0000",
  },
  {
    "acquiredDate": "2023-03-13T19:00:00.000Z",
    "assetSymbol": "SQ",
    "price": "68.0944",
    "remainingQty": "80.0000",
  },
  {
    "acquiredDate": "2023-03-23T19:00:00.000Z",
    "assetSymbol": "SQ",
    "price": "57.7650",
    "remainingQty": "100.0000",
  },
  {
    "acquiredDate": "2023-08-21T19:00:00.000Z",
    "assetSymbol": "SQ",
    "price": "56.6000",
    "remainingQty": "10.0000",
  },
  {
    "acquiredDate": "2023-11-02T19:00:00.000Z",
    "assetSymbol": "SQ",
    "price": "43.3750",
    "remainingQty": "50.0000",
  },
]
`;

exports[`csvService > etradeTransformCSVRecords > should transform valid etrade lot records with dates (no timezone) 2`] = `
[
  {
    "acquiredDate": "2024-06-20T19:00:00.000Z",
    "assetSymbol": "AMD",
    "price": "165.5100",
    "remainingQty": "1.0000",
  },
  {
    "acquiredDate": "2024-06-26T19:00:00.000Z",
    "assetSymbol": "AMD",
    "price": "159.4200",
    "remainingQty": "1.0000",
  },
  {
    "acquiredDate": "2024-05-23T19:00:00.000Z",
    "assetSymbol": "AZN",
    "price": "78.9900",
    "remainingQty": "1.0000",
  },
  {
    "acquiredDate": "2024-06-20T19:00:00.000Z",
    "assetSymbol": "AZN",
    "price": "78.4300",
    "remainingQty": "1.0000",
  },
  {
    "acquiredDate": "2024-06-26T19:00:00.000Z",
    "assetSymbol": "AZN",
    "price": "79.0900",
    "remainingQty": "2.0000",
  },
  {
    "acquiredDate": "2024-06-20T19:00:00.000Z",
    "assetSymbol": "DASH",
    "price": "113.6100",
    "remainingQty": "1.0000",
  },
  {
    "acquiredDate": "2024-06-26T19:00:00.000Z",
    "assetSymbol": "DASH",
    "price": "111.6800",
    "remainingQty": "1.0000",
  },
  {
    "acquiredDate": "2024-05-23T19:00:00.000Z",
    "assetSymbol": "INTC",
    "price": "30.8400",
    "remainingQty": "1.0000",
  },
  {
    "acquiredDate": "2024-05-23T19:00:00.000Z",
    "assetSymbol": "INTC",
    "price": "30.8700",
    "remainingQty": "1.0000",
  },
  {
    "acquiredDate": "2024-06-26T19:00:00.000Z",
    "assetSymbol": "INTC",
    "price": "30.5100",
    "remainingQty": "3.0000",
  },
  {
    "acquiredDate": "2024-06-20T19:00:00.000Z",
    "assetSymbol": "JBL",
    "price": "116.0800",
    "remainingQty": "1.0000",
  },
  {
    "acquiredDate": "2024-06-26T19:00:00.000Z",
    "assetSymbol": "JBL",
    "price": "111.4200",
    "remainingQty": "1.0000",
  },
  {
    "acquiredDate": "2024-05-23T19:00:00.000Z",
    "assetSymbol": "KDP",
    "price": "34.1200",
    "remainingQty": "2.0000",
  },
  {
    "acquiredDate": "2024-05-23T19:00:00.000Z",
    "assetSymbol": "KDP",
    "price": "34.1600",
    "remainingQty": "1.0000",
  },
  {
    "acquiredDate": "2024-06-20T19:00:00.000Z",
    "assetSymbol": "KDP",
    "price": "34.4300",
    "remainingQty": "1.0000",
  },
  {
    "acquiredDate": "2024-05-23T19:00:00.000Z",
    "assetSymbol": "KO",
    "price": "62.5750",
    "remainingQty": "2.0000",
  },
  {
    "acquiredDate": "2024-05-23T19:00:00.000Z",
    "assetSymbol": "MMM",
    "price": "99.1400",
    "remainingQty": "1.0000",
  },
  {
    "acquiredDate": "2024-05-23T19:00:00.000Z",
    "assetSymbol": "MNST",
    "price": "53.0700",
    "remainingQty": "1.0000",
  },
  {
    "acquiredDate": "2024-06-20T19:00:00.000Z",
    "assetSymbol": "MNST",
    "price": "48.6600",
    "remainingQty": "1.0000",
  },
  {
    "acquiredDate": "2024-05-23T19:00:00.000Z",
    "assetSymbol": "NKE",
    "price": "92.0000",
    "remainingQty": "1.0000",
  },
  {
    "acquiredDate": "2024-06-28T19:00:00.000Z",
    "assetSymbol": "NKE",
    "price": "76.0100",
    "remainingQty": "2.0000",
  },
  {
    "acquiredDate": "2024-05-23T19:00:00.000Z",
    "assetSymbol": "OKLO",
    "price": "7.5500",
    "remainingQty": "1.0000",
  },
  {
    "acquiredDate": "2024-05-23T19:00:00.000Z",
    "assetSymbol": "OKLO",
    "price": "7.5967",
    "remainingQty": "3.0000",
  },
  {
    "acquiredDate": "2024-06-20T19:00:00.000Z",
    "assetSymbol": "OKLO",
    "price": "10.0800",
    "remainingQty": "2.0000",
  },
  {
    "acquiredDate": "2024-06-24T19:00:00.000Z",
    "assetSymbol": "OKLO",
    "price": "9.6200",
    "remainingQty": "3.0000",
  },
  {
    "acquiredDate": "2024-06-26T19:00:00.000Z",
    "assetSymbol": "OKLO",
    "price": "9.4000",
    "remainingQty": "2.0000",
  },
  {
    "acquiredDate": "2024-05-23T19:00:00.000Z",
    "assetSymbol": "ON",
    "price": "74.3800",
    "remainingQty": "1.0000",
  },
  {
    "acquiredDate": "2024-06-20T19:00:00.000Z",
    "assetSymbol": "ON",
    "price": "69.2300",
    "remainingQty": "1.0000",
  },
  {
    "acquiredDate": "2024-06-26T19:00:00.000Z",
    "assetSymbol": "ON",
    "price": "67.9300",
    "remainingQty": "2.0000",
  },
  {
    "acquiredDate": "2024-05-23T19:00:00.000Z",
    "assetSymbol": "OPEN",
    "price": "2.1560",
    "remainingQty": "5.0000",
  },
  {
    "acquiredDate": "2024-06-20T19:00:00.000Z",
    "assetSymbol": "OPEN",
    "price": "1.9500",
    "remainingQty": "2.0000",
  },
  {
    "acquiredDate": "2024-06-20T19:00:00.000Z",
    "assetSymbol": "OPEN",
    "price": "1.8700",
    "remainingQty": "1.0000",
  },
  {
    "acquiredDate": "2024-06-24T19:00:00.000Z",
    "assetSymbol": "OPEN",
    "price": "1.8360",
    "remainingQty": "5.0000",
  },
  {
    "acquiredDate": "2024-06-26T19:00:00.000Z",
    "assetSymbol": "OPEN",
    "price": "1.7500",
    "remainingQty": "4.0000",
  },
  {
    "acquiredDate": "2024-05-23T19:00:00.000Z",
    "assetSymbol": "PLTR",
    "price": "20.8700",
    "remainingQty": "2.0000",
  },
  {
    "acquiredDate": "2024-05-23T19:00:00.000Z",
    "assetSymbol": "PLTR",
    "price": "20.8200",
    "remainingQty": "1.0000",
  },
  {
    "acquiredDate": "2024-06-20T19:00:00.000Z",
    "assetSymbol": "PLTR",
    "price": "26.4400",
    "remainingQty": "2.0000",
  },
  {
    "acquiredDate": "2024-06-26T19:00:00.000Z",
    "assetSymbol": "PLTR",
    "price": "24.4600",
    "remainingQty": "3.0000",
  },
  {
    "acquiredDate": "2024-05-23T19:00:00.000Z",
    "assetSymbol": "QYLD",
    "price": "17.5800",
    "remainingQty": "1.0000",
  },
  {
    "acquiredDate": "2024-05-23T19:00:00.000Z",
    "assetSymbol": "SHOP",
    "price": "58.5300",
    "remainingQty": "1.0000",
  },
  {
    "acquiredDate": "2024-06-20T19:00:00.000Z",
    "assetSymbol": "SHOP",
    "price": "64.5300",
    "remainingQty": "1.0000",
  },
  {
    "acquiredDate": "2024-06-26T19:00:00.000Z",
    "assetSymbol": "SHOP",
    "price": "64.6600",
    "remainingQty": "2.0000",
  },
  {
    "acquiredDate": "2024-06-24T19:00:00.000Z",
    "assetSymbol": "SIRI",
    "price": "27.0000",
    "remainingQty": "1.0000",
  },
  {
    "acquiredDate": "2024-05-23T19:00:00.000Z",
    "assetSymbol": "SOFI",
    "price": "6.9600",
    "remainingQty": "3.0000",
  },
  {
    "acquiredDate": "2024-06-20T19:00:00.000Z",
    "assetSymbol": "SOFI",
    "price": "6.4100",
    "remainingQty": "4.0000",
  },
  {
    "acquiredDate": "2024-06-24T19:00:00.000Z",
    "assetSymbol": "SOFI",
    "price": "6.4465",
    "remainingQty": "3.0000",
  },
  {
    "acquiredDate": "2024-05-23T19:00:00.000Z",
    "assetSymbol": "T",
    "price": "17.3900",
    "remainingQty": "2.0000",
  },
  {
    "acquiredDate": "2024-06-26T19:00:00.000Z",
    "assetSymbol": "T",
    "price": "18.6600",
    "remainingQty": "2.0000",
  },
  {
    "acquiredDate": "2024-05-23T19:00:00.000Z",
    "assetSymbol": "UA",
    "price": "6.6060",
    "remainingQty": "5.0000",
  },
  {
    "acquiredDate": "2024-05-23T19:00:00.000Z",
    "assetSymbol": "UI",
    "price": "150.2000",
    "remainingQty": "1.0000",
  },
  {
    "acquiredDate": "2024-05-23T19:00:00.000Z",
    "assetSymbol": "VZ",
    "price": "39.6300",
    "remainingQty": "1.0000",
  },
  {
    "acquiredDate": "2024-05-23T19:00:00.000Z",
    "assetSymbol": "WBD",
    "price": "8.0350",
    "remainingQty": "2.0000",
  },
  {
    "acquiredDate": "2024-06-20T19:00:00.000Z",
    "assetSymbol": "WBD",
    "price": "6.9900",
    "remainingQty": "1.0000",
  },
  {
    "acquiredDate": "2024-06-26T19:00:00.000Z",
    "assetSymbol": "WBD",
    "price": "7.1900",
    "remainingQty": "3.0000",
  },
  {
    "acquiredDate": "2024-05-23T19:00:00.000Z",
    "assetSymbol": "XYZ",
    "price": "67.7200",
    "remainingQty": "1.0000",
  },
  {
    "acquiredDate": "2024-06-20T19:00:00.000Z",
    "assetSymbol": "XYZ",
    "price": "61.2700",
    "remainingQty": "1.0000",
  },
]
`;

exports[`csvService > should work end to end 1`] = `
[
  {
    "Change $": "-10.44",
    "Change %": "-1.66",
    "Day's Gain $": "-41.7600",
    "Last Price $": "620.35",
    "Price Paid $": "483.305",
    "Quantity": "4.0000",
    "Symbol": "META",
    "Total Gain $": "548.1800",
    "Total Gain %": "28.3558",
    "Value $": "2481.4000",
  },
  {
    "Change $": "-10.44",
    "Change %": "-1.66",
    "Day's Gain $": "-41.7600",
    "Last Price $": "620.35",
    "Price Paid $": "483.305",
    "Quantity": "4.0000",
    "Symbol": "04/22/2024",
    "Total Gain $": "548.1800",
    "Total Gain %": "28.3558",
    "Value $": "2481.4000",
  },
  {
    "Change $": "0.17",
    "Change %": "1.20",
    "Day's Gain $": "361.2500",
    "Last Price $": "14.37",
    "Price Paid $": "11.5911",
    "Quantity": "2125.0000",
    "Symbol": "RIVN",
    "Total Gain $": "5905.1561",
    "Total Gain %": "23.9744",
    "Value $": "30536.2500",
  },
  {
    "Change $": "0.17",
    "Change %": "1.20",
    "Day's Gain $": "28.7300",
    "Last Price $": "14.37",
    "Price Paid $": "8.835",
    "Quantity": "169.0000",
    "Symbol": "04/22/2024",
    "Total Gain $": "935.4150",
    "Total Gain %": "62.6486",
    "Value $": "2428.5300",
  },
  {
    "Change $": "0.17",
    "Change %": "1.20",
    "Day's Gain $": "51.0000",
    "Last Price $": "14.37",
    "Price Paid $": "10.445",
    "Quantity": "300.0000",
    "Symbol": "06/20/2024",
    "Total Gain $": "1177.5000",
    "Total Gain %": "37.5778",
    "Value $": "4311.0000",
  },
  {
    "Change $": "0.17",
    "Change %": "1.20",
    "Day's Gain $": "281.5200",
    "Last Price $": "14.37",
    "Price Paid $": "12.08",
    "Quantity": "1656.0000",
    "Symbol": "11/26/2024",
    "Total Gain $": "3792.2400",
    "Total Gain %": "18.9570",
    "Value $": "23796.7200",
  },
  {
    "Change $": "-2.00",
    "Change %": "-1.74",
    "Day's Gain $": "-14.0000",
    "Last Price $": "112.96",
    "Price Paid $": "58.7943",
    "Quantity": "7.0000",
    "Symbol": "TWLO",
    "Total Gain $": "379.1600",
    "Total Gain %": "92.1275",
    "Value $": "790.7200",
  },
  {
    "Change $": "-2.00",
    "Change %": "-1.74",
    "Day's Gain $": "-14.0000",
    "Last Price $": "112.96",
    "Price Paid $": "58.7943",
    "Quantity": "7.0000",
    "Symbol": "04/22/2024",
    "Total Gain $": "379.1600",
    "Total Gain %": "92.1275",
    "Value $": "790.7200",
  },
]
`;

exports[`csvService > should work end to end 2`] = `
[
  {
    "acquiredDate": "2024-04-22T04:00:00.000Z",
    "assetSymbol": "META",
    "price": "483.305",
    "remainingQty": "4",
  },
  {
    "acquiredDate": "2024-04-22T04:00:00.000Z",
    "assetSymbol": "RIVN",
    "price": "8.835",
    "remainingQty": "169",
  },
  {
    "acquiredDate": "2024-06-20T04:00:00.000Z",
    "assetSymbol": "RIVN",
    "price": "10.445",
    "remainingQty": "300",
  },
  {
    "acquiredDate": "2024-11-26T04:00:00.000Z",
    "assetSymbol": "RIVN",
    "price": "12.08",
    "remainingQty": "1656",
  },
  {
    "acquiredDate": "2024-04-22T04:00:00.000Z",
    "assetSymbol": "TWLO",
    "price": "58.7943",
    "remainingQty": "7",
  },
]
`;
